Starting job 2067071 on gpu-4 on Fox at Thu Oct 23 15:05:22 CEST 2025

Python path: /fp/homes01/u01/ec-aliaana/.conda/envs/SoccerNet311/bin/python
CUDA available?
True NVIDIA GeForce RTX 3090
Training label map: {'Close-up_behind_the_goal': 0, 'Close-up_corner': 1, 'Close-up_player_or_field_referee': 2, 'Close-up_side_staff': 3, 'Main_camera_center': 4, 'Main_camera_left': 5, 'Main_camera_right': 6, 'Public': 7}
Training RESNET18 on cuda for 5 epochs | 8 classes | 8000 samples
[Epoch 1/5] Batch 0 Loss: 2.2665
[Epoch 1/5] Batch 20 Loss: 0.8048
[Epoch 1/5] Batch 40 Loss: 0.7783
[Epoch 1/5] Batch 60 Loss: 0.4164
[Epoch 1/5] Batch 80 Loss: 0.3352
[Epoch 1/5] Batch 100 Loss: 0.2903
[Epoch 1/5] Batch 120 Loss: 0.2998
[Epoch 1/5] Batch 140 Loss: 0.4683
[Epoch 1/5] Batch 160 Loss: 0.1993
[Epoch 1/5] Batch 180 Loss: 0.7043
Epoch 1/5 done in 15.8s
  Train Loss: 0.4738 | Val Loss: 0.2288 | Val Acc: 93.88%
Saved new best model: checkpoints/resnet18_best.pt
[Epoch 2/5] Batch 0 Loss: 0.0465
[Epoch 2/5] Batch 20 Loss: 0.1189
[Epoch 2/5] Batch 40 Loss: 0.0538
[Epoch 2/5] Batch 60 Loss: 0.2208
[Epoch 2/5] Batch 80 Loss: 0.1715
[Epoch 2/5] Batch 100 Loss: 0.2225
[Epoch 2/5] Batch 120 Loss: 0.0531
[Epoch 2/5] Batch 140 Loss: 0.2408
[Epoch 2/5] Batch 160 Loss: 0.1006
[Epoch 2/5] Batch 180 Loss: 0.0972
Epoch 2/5 done in 8.2s
  Train Loss: 0.1221 | Val Loss: 0.2363 | Val Acc: 94.00%
Saved new best model: checkpoints/resnet18_best.pt
[Epoch 3/5] Batch 0 Loss: 0.0321
[Epoch 3/5] Batch 20 Loss: 0.0399
[Epoch 3/5] Batch 40 Loss: 0.1113
[Epoch 3/5] Batch 60 Loss: 0.0166
[Epoch 3/5] Batch 80 Loss: 0.0350
[Epoch 3/5] Batch 100 Loss: 0.1305
[Epoch 3/5] Batch 120 Loss: 0.0258
[Epoch 3/5] Batch 140 Loss: 0.0075
[Epoch 3/5] Batch 160 Loss: 0.0602
[Epoch 3/5] Batch 180 Loss: 0.0955
Epoch 3/5 done in 8.1s
  Train Loss: 0.0424 | Val Loss: 0.2531 | Val Acc: 94.38%
Saved new best model: checkpoints/resnet18_best.pt
[Epoch 4/5] Batch 0 Loss: 0.0073
[Epoch 4/5] Batch 20 Loss: 0.0345
[Epoch 4/5] Batch 40 Loss: 0.0067
[Epoch 4/5] Batch 60 Loss: 0.0077
[Epoch 4/5] Batch 80 Loss: 0.0032
[Epoch 4/5] Batch 100 Loss: 0.0084
[Epoch 4/5] Batch 120 Loss: 0.0050
[Epoch 4/5] Batch 140 Loss: 0.0368
[Epoch 4/5] Batch 160 Loss: 0.0101
[Epoch 4/5] Batch 180 Loss: 0.0063
Epoch 4/5 done in 8.1s
  Train Loss: 0.0181 | Val Loss: 0.2814 | Val Acc: 94.38%
[Epoch 5/5] Batch 0 Loss: 0.0030
[Epoch 5/5] Batch 20 Loss: 0.0020
[Epoch 5/5] Batch 40 Loss: 0.0074
[Epoch 5/5] Batch 60 Loss: 0.0052
[Epoch 5/5] Batch 80 Loss: 0.0069
[Epoch 5/5] Batch 100 Loss: 0.0072
[Epoch 5/5] Batch 120 Loss: 0.0041
[Epoch 5/5] Batch 140 Loss: 0.0011
[Epoch 5/5] Batch 160 Loss: 0.0258
[Epoch 5/5] Batch 180 Loss: 0.0040
Epoch 5/5 done in 8.1s
  Train Loss: 0.0100 | Val Loss: 0.2821 | Val Acc: 94.88%
Saved new best model: checkpoints/resnet18_best.pt
Training complete.

Running final test evaluation...
[TEST] Loss: 0.2491, Accuracy: 95.50%
Best validation accuracy was 94.88% (saved at checkpoints/resnet18_best.pt)

Job 2067071 consumed 0.4 billing hours from project ec12.

Submitted 2025-10-23T15:05:18; waited 4.0 seconds in the queue after becoming eligible to run.

Requested wallclock time: 4.0 hours
Elapsed wallclock time:   1.4 minutes

Job exited normally.

Task and CPU statistics:
ID             CPUs  Tasks  CPU util                Start  Elapsed  Exit status
2067071           4            0.0 %  2025-10-23T15:05:22   83.0 s  0
2067071.batch     4      1    47.3 %  2025-10-23T15:05:22   83.0 s  0

Used CPU time:   2.6 CPU minutes
Unused CPU time: 2.9 CPU minutes

Memory statistics, in GiB:
ID              Alloc   Usage
2067071          32.0        
2067071.batch    32.0     1.6

Job 2067071 completed at Thu Oct 23 15:06:46 CEST 2025
