Starting job 2107496 on gpu-11 on Fox at Mon Nov 10 17:00:01 CET 2025

Python path: /fp/homes01/u01/ec-aliaana/.conda/envs/SoccerNet311/bin/python
CUDA available? True | Device: NVIDIA GeForce RTX 3090
Training label map: {'Close-up_behind_the_goal': 0, 'Close-up_corner': 1, 'Close-up_player_or_field_referee': 2, 'Close-up_side_staff': 3, 'Main_camera_center': 4, 'Main_camera_left': 5, 'Main_camera_right': 6, 'Public': 7}
Training VIT on cuda for 10 epochs | 8 classes | 8400 samples
[Epoch 1/10] Batch 0 Loss: 2.1555
[Epoch 1/10] Batch 20 Loss: 0.7501
[Epoch 1/10] Batch 40 Loss: 0.4565
[Epoch 1/10] Batch 60 Loss: 0.4929
[Epoch 1/10] Batch 80 Loss: 0.5063
[Epoch 1/10] Batch 100 Loss: 0.3218
[Epoch 1/10] Batch 120 Loss: 0.4639
[Epoch 1/10] Batch 140 Loss: 0.2363
[Epoch 1/10] Batch 160 Loss: 0.2112
[Epoch 1/10] Batch 180 Loss: 0.4874
[Epoch 1/10] Batch 200 Loss: 0.4412
Epoch 1/10 done in 55.6s
  Train Loss: 0.4953 | Val Loss: 0.2282 | Val Acc: 94.17%
Saved new best model: checkpoints/vit_best.pt
[Epoch 2/10] Batch 0 Loss: 0.0911
[Epoch 2/10] Batch 20 Loss: 0.1576
[Epoch 2/10] Batch 40 Loss: 0.2855
[Epoch 2/10] Batch 60 Loss: 0.0312
[Epoch 2/10] Batch 80 Loss: 0.1444
[Epoch 2/10] Batch 100 Loss: 0.2086
[Epoch 2/10] Batch 120 Loss: 0.0500
[Epoch 2/10] Batch 140 Loss: 0.1892
[Epoch 2/10] Batch 160 Loss: 0.2189
[Epoch 2/10] Batch 180 Loss: 0.0151
[Epoch 2/10] Batch 200 Loss: 0.3183
Epoch 2/10 done in 55.6s
  Train Loss: 0.1469 | Val Loss: 0.1979 | Val Acc: 94.40%
Saved new best model: checkpoints/vit_best.pt
[Epoch 3/10] Batch 0 Loss: 0.0323
[Epoch 3/10] Batch 20 Loss: 0.0081
[Epoch 3/10] Batch 40 Loss: 0.0115
[Epoch 3/10] Batch 60 Loss: 0.0271
[Epoch 3/10] Batch 80 Loss: 0.0941
[Epoch 3/10] Batch 100 Loss: 0.0779
[Epoch 3/10] Batch 120 Loss: 0.0224
[Epoch 3/10] Batch 140 Loss: 0.0429
[Epoch 3/10] Batch 160 Loss: 0.1349
[Epoch 3/10] Batch 180 Loss: 0.0540
[Epoch 3/10] Batch 200 Loss: 0.1262
Epoch 3/10 done in 55.8s
  Train Loss: 0.0751 | Val Loss: 0.2349 | Val Acc: 93.57%
[Epoch 4/10] Batch 0 Loss: 0.0879
[Epoch 4/10] Batch 20 Loss: 0.0615
[Epoch 4/10] Batch 40 Loss: 0.0182
[Epoch 4/10] Batch 60 Loss: 0.0079
[Epoch 4/10] Batch 80 Loss: 0.1062
[Epoch 4/10] Batch 100 Loss: 0.0131
[Epoch 4/10] Batch 120 Loss: 0.0171
[Epoch 4/10] Batch 140 Loss: 0.1820
[Epoch 4/10] Batch 160 Loss: 0.0518
[Epoch 4/10] Batch 180 Loss: 0.0297
[Epoch 4/10] Batch 200 Loss: 0.0155
Epoch 4/10 done in 55.6s
  Train Loss: 0.0385 | Val Loss: 0.2874 | Val Acc: 93.69%
[Epoch 5/10] Batch 0 Loss: 0.0656
[Epoch 5/10] Batch 20 Loss: 0.0192
[Epoch 5/10] Batch 40 Loss: 0.0196
[Epoch 5/10] Batch 60 Loss: 0.0039
[Epoch 5/10] Batch 80 Loss: 0.1032
[Epoch 5/10] Batch 100 Loss: 0.0045
[Epoch 5/10] Batch 120 Loss: 0.0065
[Epoch 5/10] Batch 140 Loss: 0.0219
[Epoch 5/10] Batch 160 Loss: 0.0150
[Epoch 5/10] Batch 180 Loss: 0.1131
[Epoch 5/10] Batch 200 Loss: 0.0070
Epoch 5/10 done in 55.8s
  Train Loss: 0.0349 | Val Loss: 0.2219 | Val Acc: 95.36%
Saved new best model: checkpoints/vit_best.pt
[Epoch 6/10] Batch 0 Loss: 0.0031
[Epoch 6/10] Batch 20 Loss: 0.0129
[Epoch 6/10] Batch 40 Loss: 0.0014
[Epoch 6/10] Batch 60 Loss: 0.0115
[Epoch 6/10] Batch 80 Loss: 0.0104
[Epoch 6/10] Batch 100 Loss: 0.0120
[Epoch 6/10] Batch 120 Loss: 0.0111
[Epoch 6/10] Batch 140 Loss: 0.0331
[Epoch 6/10] Batch 160 Loss: 0.0617
[Epoch 6/10] Batch 180 Loss: 0.0087
[Epoch 6/10] Batch 200 Loss: 0.0908
Epoch 6/10 done in 55.6s
  Train Loss: 0.0457 | Val Loss: 0.2743 | Val Acc: 93.93%
[Epoch 7/10] Batch 0 Loss: 0.0517
[Epoch 7/10] Batch 20 Loss: 0.0026
[Epoch 7/10] Batch 40 Loss: 0.0196
[Epoch 7/10] Batch 60 Loss: 0.0303
[Epoch 7/10] Batch 80 Loss: 0.0081
[Epoch 7/10] Batch 100 Loss: 0.0060
[Epoch 7/10] Batch 120 Loss: 0.0123
[Epoch 7/10] Batch 140 Loss: 0.0091
[Epoch 7/10] Batch 160 Loss: 0.0076
[Epoch 7/10] Batch 180 Loss: 0.0150
[Epoch 7/10] Batch 200 Loss: 0.0021
Epoch 7/10 done in 55.6s
  Train Loss: 0.0342 | Val Loss: 0.2656 | Val Acc: 95.24%
[Epoch 8/10] Batch 0 Loss: 0.0055
[Epoch 8/10] Batch 20 Loss: 0.0079
[Epoch 8/10] Batch 40 Loss: 0.0026
[Epoch 8/10] Batch 60 Loss: 0.0332
[Epoch 8/10] Batch 80 Loss: 0.0067
[Epoch 8/10] Batch 100 Loss: 0.0088
[Epoch 8/10] Batch 120 Loss: 0.0071
[Epoch 8/10] Batch 140 Loss: 0.0102
[Epoch 8/10] Batch 160 Loss: 0.0030
[Epoch 8/10] Batch 180 Loss: 0.0012
[Epoch 8/10] Batch 200 Loss: 0.0012
Epoch 8/10 done in 55.7s
  Train Loss: 0.0236 | Val Loss: 0.2625 | Val Acc: 94.76%
[Epoch 9/10] Batch 0 Loss: 0.0123
[Epoch 9/10] Batch 20 Loss: 0.0012
[Epoch 9/10] Batch 40 Loss: 0.0076
[Epoch 9/10] Batch 60 Loss: 0.0119
[Epoch 9/10] Batch 80 Loss: 0.0217
[Epoch 9/10] Batch 100 Loss: 0.0041
[Epoch 9/10] Batch 120 Loss: 0.0058
[Epoch 9/10] Batch 140 Loss: 0.0044
[Epoch 9/10] Batch 160 Loss: 0.0021
[Epoch 9/10] Batch 180 Loss: 0.0739
[Epoch 9/10] Batch 200 Loss: 0.0019
Epoch 9/10 done in 55.6s
  Train Loss: 0.0193 | Val Loss: 0.2476 | Val Acc: 95.48%
Saved new best model: checkpoints/vit_best.pt
[Epoch 10/10] Batch 0 Loss: 0.0041
[Epoch 10/10] Batch 20 Loss: 0.0122
[Epoch 10/10] Batch 40 Loss: 0.0321
[Epoch 10/10] Batch 60 Loss: 0.0009
[Epoch 10/10] Batch 80 Loss: 0.0007
[Epoch 10/10] Batch 100 Loss: 0.0005
[Epoch 10/10] Batch 120 Loss: 0.0006
[Epoch 10/10] Batch 140 Loss: 0.0014
[Epoch 10/10] Batch 160 Loss: 0.0035
[Epoch 10/10] Batch 180 Loss: 0.0011
[Epoch 10/10] Batch 200 Loss: 0.0021
Epoch 10/10 done in 55.7s
  Train Loss: 0.0080 | Val Loss: 0.2719 | Val Acc: 95.24%
Training complete.

Running final test evaluation...
[TEST] Loss: 0.2118, Accuracy: 95.60%
Best validation accuracy was 95.48% (saved at checkpoints/vit_best.pt)

Job 2107496 consumed 3.1 billing hours from project ec12.

Submitted 2025-11-10T16:59:37; waited 24.0 seconds in the queue after becoming eligible to run.

Requested wallclock time: 4.0 hours
Elapsed wallclock time:   9.8 minutes

Job exited normally.

Task and CPU statistics:
ID             CPUs  Tasks  CPU util                Start  Elapsed  Exit status
2107496           4            0.0 %  2025-11-10T17:00:01  589.0 s  0
2107496.batch     4      1    34.9 %  2025-11-10T17:00:01  589.0 s  0

Used CPU time:   13.7 CPU minutes
Unused CPU time: 25.6 CPU minutes

Memory statistics, in GiB:
ID              Alloc   Usage
2107496          32.0        
2107496.batch    32.0     1.9

Job 2107496 completed at Mon Nov 10 17:09:50 CET 2025
