Starting job 2074460 on gpu-5 on Fox at Mon Oct 27 15:45:15 CET 2025

Python path: /fp/homes01/u01/ec-aliaana/.conda/envs/SoccerNet311/bin/python
CUDA available? True | Device: NVIDIA GeForce RTX 3090
Training label map: {'Close-up_behind_the_goal': 0, 'Close-up_corner': 1, 'Close-up_player_or_field_referee': 2, 'Close-up_side_staff': 3, 'Main_camera_center': 4, 'Main_camera_left': 5, 'Main_camera_right': 6, 'Public': 7}
Training RESNET50 on cuda for 10 epochs | 8 classes | 8000 samples
[Epoch 1/10] Batch 0 Loss: 2.0568
[Epoch 1/10] Batch 20 Loss: 0.7823
[Epoch 1/10] Batch 40 Loss: 0.7238
[Epoch 1/10] Batch 60 Loss: 0.5724
[Epoch 1/10] Batch 80 Loss: 0.2524
[Epoch 1/10] Batch 100 Loss: 0.3894
[Epoch 1/10] Batch 120 Loss: 0.1209
[Epoch 1/10] Batch 140 Loss: 0.3854
[Epoch 1/10] Batch 160 Loss: 0.0742
[Epoch 1/10] Batch 180 Loss: 0.2553
Epoch 1/10 done in 18.4s
  Train Loss: 0.4638 | Val Loss: 0.2214 | Val Acc: 94.12%
Saved new best model: checkpoints/resnet50_best.pt
[Epoch 2/10] Batch 0 Loss: 0.2035
[Epoch 2/10] Batch 20 Loss: 0.5014
[Epoch 2/10] Batch 40 Loss: 0.0587
[Epoch 2/10] Batch 60 Loss: 0.2524
[Epoch 2/10] Batch 80 Loss: 0.0999
[Epoch 2/10] Batch 100 Loss: 0.1283
[Epoch 2/10] Batch 120 Loss: 0.2822
[Epoch 2/10] Batch 140 Loss: 0.0821
[Epoch 2/10] Batch 160 Loss: 0.0678
[Epoch 2/10] Batch 180 Loss: 0.0648
Epoch 2/10 done in 17.3s
  Train Loss: 0.1689 | Val Loss: 0.2752 | Val Acc: 92.62%
[Epoch 3/10] Batch 0 Loss: 0.2274
[Epoch 3/10] Batch 20 Loss: 0.0690
[Epoch 3/10] Batch 40 Loss: 0.1071
[Epoch 3/10] Batch 60 Loss: 0.1818
[Epoch 3/10] Batch 80 Loss: 0.0744
[Epoch 3/10] Batch 100 Loss: 0.0608
[Epoch 3/10] Batch 120 Loss: 0.1530
[Epoch 3/10] Batch 140 Loss: 0.0124
[Epoch 3/10] Batch 160 Loss: 0.0747
[Epoch 3/10] Batch 180 Loss: 0.1101
Epoch 3/10 done in 17.4s
  Train Loss: 0.1039 | Val Loss: 0.1995 | Val Acc: 94.12%
[Epoch 4/10] Batch 0 Loss: 0.1137
[Epoch 4/10] Batch 20 Loss: 0.0921
[Epoch 4/10] Batch 40 Loss: 0.1834
[Epoch 4/10] Batch 60 Loss: 0.0416
[Epoch 4/10] Batch 80 Loss: 0.0104
[Epoch 4/10] Batch 100 Loss: 0.0164
[Epoch 4/10] Batch 120 Loss: 0.0590
[Epoch 4/10] Batch 140 Loss: 0.0230
[Epoch 4/10] Batch 160 Loss: 0.0569
[Epoch 4/10] Batch 180 Loss: 0.0256
Epoch 4/10 done in 17.3s
  Train Loss: 0.0636 | Val Loss: 0.2539 | Val Acc: 94.00%
[Epoch 5/10] Batch 0 Loss: 0.0071
[Epoch 5/10] Batch 20 Loss: 0.0454
[Epoch 5/10] Batch 40 Loss: 0.0301
[Epoch 5/10] Batch 60 Loss: 0.0260
[Epoch 5/10] Batch 80 Loss: 0.1079
[Epoch 5/10] Batch 100 Loss: 0.0212
[Epoch 5/10] Batch 120 Loss: 0.0182
[Epoch 5/10] Batch 140 Loss: 0.0758
[Epoch 5/10] Batch 160 Loss: 0.0126
[Epoch 5/10] Batch 180 Loss: 0.0322
Epoch 5/10 done in 17.4s
  Train Loss: 0.0462 | Val Loss: 0.2253 | Val Acc: 93.50%
[Epoch 6/10] Batch 0 Loss: 0.0050
[Epoch 6/10] Batch 20 Loss: 0.0870
[Epoch 6/10] Batch 40 Loss: 0.0080
[Epoch 6/10] Batch 60 Loss: 0.0171
[Epoch 6/10] Batch 80 Loss: 0.0505
[Epoch 6/10] Batch 100 Loss: 0.0185
[Epoch 6/10] Batch 120 Loss: 0.0276
[Epoch 6/10] Batch 140 Loss: 0.0109
[Epoch 6/10] Batch 160 Loss: 0.0427
[Epoch 6/10] Batch 180 Loss: 0.0217
Epoch 6/10 done in 17.5s
  Train Loss: 0.0387 | Val Loss: 0.2243 | Val Acc: 94.25%
Saved new best model: checkpoints/resnet50_best.pt
[Epoch 7/10] Batch 0 Loss: 0.0046
[Epoch 7/10] Batch 20 Loss: 0.0048
[Epoch 7/10] Batch 40 Loss: 0.0196
[Epoch 7/10] Batch 60 Loss: 0.0039
[Epoch 7/10] Batch 80 Loss: 0.0250
[Epoch 7/10] Batch 100 Loss: 0.0238
[Epoch 7/10] Batch 120 Loss: 0.0091
[Epoch 7/10] Batch 140 Loss: 0.1120
[Epoch 7/10] Batch 160 Loss: 0.0015
[Epoch 7/10] Batch 180 Loss: 0.0072
Epoch 7/10 done in 17.4s
  Train Loss: 0.0349 | Val Loss: 0.3317 | Val Acc: 93.50%
[Epoch 8/10] Batch 0 Loss: 0.0221
[Epoch 8/10] Batch 20 Loss: 0.0078
[Epoch 8/10] Batch 40 Loss: 0.0034
[Epoch 8/10] Batch 60 Loss: 0.0108
[Epoch 8/10] Batch 80 Loss: 0.0030
[Epoch 8/10] Batch 100 Loss: 0.0019
[Epoch 8/10] Batch 120 Loss: 0.0047
[Epoch 8/10] Batch 140 Loss: 0.0144
[Epoch 8/10] Batch 160 Loss: 0.0442
[Epoch 8/10] Batch 180 Loss: 0.0040
Epoch 8/10 done in 17.5s
  Train Loss: 0.0330 | Val Loss: 0.2992 | Val Acc: 93.75%
[Epoch 9/10] Batch 0 Loss: 0.0052
[Epoch 9/10] Batch 20 Loss: 0.0044
[Epoch 9/10] Batch 40 Loss: 0.0014
[Epoch 9/10] Batch 60 Loss: 0.0362
[Epoch 9/10] Batch 80 Loss: 0.0122
[Epoch 9/10] Batch 100 Loss: 0.0020
[Epoch 9/10] Batch 120 Loss: 0.0067
[Epoch 9/10] Batch 140 Loss: 0.0094
[Epoch 9/10] Batch 160 Loss: 0.0136
[Epoch 9/10] Batch 180 Loss: 0.0450
Epoch 9/10 done in 17.5s
  Train Loss: 0.0311 | Val Loss: 0.2365 | Val Acc: 94.12%
[Epoch 10/10] Batch 0 Loss: 0.0464
[Epoch 10/10] Batch 20 Loss: 0.0280
[Epoch 10/10] Batch 40 Loss: 0.1336
[Epoch 10/10] Batch 60 Loss: 0.0062
[Epoch 10/10] Batch 80 Loss: 0.0344
[Epoch 10/10] Batch 100 Loss: 0.0055
[Epoch 10/10] Batch 120 Loss: 0.0038
[Epoch 10/10] Batch 140 Loss: 0.0028
[Epoch 10/10] Batch 160 Loss: 0.0343
[Epoch 10/10] Batch 180 Loss: 0.0036
Epoch 10/10 done in 17.5s
  Train Loss: 0.0409 | Val Loss: 0.3997 | Val Acc: 91.25%
Training complete.

Running final test evaluation...
[TEST] Loss: 0.2677, Accuracy: 94.50%
Best validation accuracy was 94.25% (saved at checkpoints/resnet50_best.pt)

Job 2074460 consumed 1.1 billing hours from project ec12.

Submitted 2025-10-27T15:44:47; waited 28.0 seconds in the queue after becoming eligible to run.

Requested wallclock time: 4.0 hours
Elapsed wallclock time:   3.3 minutes

Job exited normally.

Task and CPU statistics:
ID             CPUs  Tasks  CPU util                Start  Elapsed  Exit status
2074460           4            0.0 %  2025-10-27T15:45:15  200.0 s  0
2074460.batch     4      1    47.3 %  2025-10-27T15:45:15  200.0 s  0

Used CPU time:   6.3 CPU minutes
Unused CPU time: 7.0 CPU minutes

Memory statistics, in GiB:
ID              Alloc   Usage
2074460          32.0        
2074460.batch    32.0     1.5

Job 2074460 completed at Mon Oct 27 15:48:35 CET 2025
