Starting job 2074454 on gpu-5 on Fox at Mon Oct 27 15:42:12 CET 2025

Python path: /fp/homes01/u01/ec-aliaana/.conda/envs/SoccerNet311/bin/python
CUDA available? True | Device: NVIDIA GeForce RTX 3090
Training label map: {'Close-up_behind_the_goal': 0, 'Close-up_corner': 1, 'Close-up_player_or_field_referee': 2, 'Close-up_side_staff': 3, 'Main_camera_center': 4, 'Main_camera_left': 5, 'Main_camera_right': 6, 'Public': 7}
Training RESNET18 on cuda for 10 epochs | 8 classes | 8000 samples
[Epoch 1/10] Batch 0 Loss: 2.3619
[Epoch 1/10] Batch 20 Loss: 0.6420
[Epoch 1/10] Batch 40 Loss: 0.9874
[Epoch 1/10] Batch 60 Loss: 0.2404
[Epoch 1/10] Batch 80 Loss: 0.4983
[Epoch 1/10] Batch 100 Loss: 0.3973
[Epoch 1/10] Batch 120 Loss: 0.6637
[Epoch 1/10] Batch 140 Loss: 0.1650
[Epoch 1/10] Batch 160 Loss: 0.3422
[Epoch 1/10] Batch 180 Loss: 0.2054
Epoch 1/10 done in 17.7s
  Train Loss: 0.4761 | Val Loss: 0.2750 | Val Acc: 92.38%
Saved new best model: checkpoints/resnet18_best.pt
[Epoch 2/10] Batch 0 Loss: 0.3024
[Epoch 2/10] Batch 20 Loss: 0.1673
[Epoch 2/10] Batch 40 Loss: 0.0826
[Epoch 2/10] Batch 60 Loss: 0.0531
[Epoch 2/10] Batch 80 Loss: 0.0871
[Epoch 2/10] Batch 100 Loss: 0.1489
[Epoch 2/10] Batch 120 Loss: 0.0388
[Epoch 2/10] Batch 140 Loss: 0.2527
[Epoch 2/10] Batch 160 Loss: 0.3503
[Epoch 2/10] Batch 180 Loss: 0.0568
Epoch 2/10 done in 9.2s
  Train Loss: 0.1262 | Val Loss: 0.2677 | Val Acc: 92.62%
Saved new best model: checkpoints/resnet18_best.pt
[Epoch 3/10] Batch 0 Loss: 0.0293
[Epoch 3/10] Batch 20 Loss: 0.0280
[Epoch 3/10] Batch 40 Loss: 0.0246
[Epoch 3/10] Batch 60 Loss: 0.0253
[Epoch 3/10] Batch 80 Loss: 0.0175
[Epoch 3/10] Batch 100 Loss: 0.0274
[Epoch 3/10] Batch 120 Loss: 0.0364
[Epoch 3/10] Batch 140 Loss: 0.0712
[Epoch 3/10] Batch 160 Loss: 0.1396
[Epoch 3/10] Batch 180 Loss: 0.0083
Epoch 3/10 done in 8.9s
  Train Loss: 0.0456 | Val Loss: 0.2844 | Val Acc: 93.88%
Saved new best model: checkpoints/resnet18_best.pt
[Epoch 4/10] Batch 0 Loss: 0.0094
[Epoch 4/10] Batch 20 Loss: 0.1015
[Epoch 4/10] Batch 40 Loss: 0.0119
[Epoch 4/10] Batch 60 Loss: 0.0101
[Epoch 4/10] Batch 80 Loss: 0.0197
[Epoch 4/10] Batch 100 Loss: 0.0075
[Epoch 4/10] Batch 120 Loss: 0.0207
[Epoch 4/10] Batch 140 Loss: 0.0209
[Epoch 4/10] Batch 160 Loss: 0.0124
[Epoch 4/10] Batch 180 Loss: 0.0737
Epoch 4/10 done in 8.6s
  Train Loss: 0.0212 | Val Loss: 0.2746 | Val Acc: 94.50%
Saved new best model: checkpoints/resnet18_best.pt
[Epoch 5/10] Batch 0 Loss: 0.0095
[Epoch 5/10] Batch 20 Loss: 0.0040
[Epoch 5/10] Batch 40 Loss: 0.0021
[Epoch 5/10] Batch 60 Loss: 0.0068
[Epoch 5/10] Batch 80 Loss: 0.0283
[Epoch 5/10] Batch 100 Loss: 0.0052
[Epoch 5/10] Batch 120 Loss: 0.0024
[Epoch 5/10] Batch 140 Loss: 0.0024
[Epoch 5/10] Batch 160 Loss: 0.0085
[Epoch 5/10] Batch 180 Loss: 0.0038
Epoch 5/10 done in 8.5s
  Train Loss: 0.0125 | Val Loss: 0.3000 | Val Acc: 93.00%
[Epoch 6/10] Batch 0 Loss: 0.0034
[Epoch 6/10] Batch 20 Loss: 0.0024
[Epoch 6/10] Batch 40 Loss: 0.0091
[Epoch 6/10] Batch 60 Loss: 0.0081
[Epoch 6/10] Batch 80 Loss: 0.0079
[Epoch 6/10] Batch 100 Loss: 0.0013
[Epoch 6/10] Batch 120 Loss: 0.0014
[Epoch 6/10] Batch 140 Loss: 0.0027
[Epoch 6/10] Batch 160 Loss: 0.0076
[Epoch 6/10] Batch 180 Loss: 0.0031
Epoch 6/10 done in 8.7s
  Train Loss: 0.0097 | Val Loss: 0.2996 | Val Acc: 94.38%
[Epoch 7/10] Batch 0 Loss: 0.0080
[Epoch 7/10] Batch 20 Loss: 0.0040
[Epoch 7/10] Batch 40 Loss: 0.0012
[Epoch 7/10] Batch 60 Loss: 0.0010
[Epoch 7/10] Batch 80 Loss: 0.0009
[Epoch 7/10] Batch 100 Loss: 0.0017
[Epoch 7/10] Batch 120 Loss: 0.0018
[Epoch 7/10] Batch 140 Loss: 0.0006
[Epoch 7/10] Batch 160 Loss: 0.0013
[Epoch 7/10] Batch 180 Loss: 0.0019
Epoch 7/10 done in 8.7s
  Train Loss: 0.0058 | Val Loss: 0.3064 | Val Acc: 94.62%
Saved new best model: checkpoints/resnet18_best.pt
[Epoch 8/10] Batch 0 Loss: 0.0012
[Epoch 8/10] Batch 20 Loss: 0.0006
[Epoch 8/10] Batch 40 Loss: 0.0021
[Epoch 8/10] Batch 60 Loss: 0.0072
[Epoch 8/10] Batch 80 Loss: 0.0007
[Epoch 8/10] Batch 100 Loss: 0.0013
[Epoch 8/10] Batch 120 Loss: 0.0006
[Epoch 8/10] Batch 140 Loss: 0.0008
[Epoch 8/10] Batch 160 Loss: 0.0061
[Epoch 8/10] Batch 180 Loss: 0.0027
Epoch 8/10 done in 9.4s
  Train Loss: 0.0081 | Val Loss: 0.3266 | Val Acc: 94.00%
[Epoch 9/10] Batch 0 Loss: 0.0023
[Epoch 9/10] Batch 20 Loss: 0.0050
[Epoch 9/10] Batch 40 Loss: 0.0009
[Epoch 9/10] Batch 60 Loss: 0.0011
[Epoch 9/10] Batch 80 Loss: 0.0019
[Epoch 9/10] Batch 100 Loss: 0.0013
[Epoch 9/10] Batch 120 Loss: 0.0008
[Epoch 9/10] Batch 140 Loss: 0.0014
[Epoch 9/10] Batch 160 Loss: 0.0013
[Epoch 9/10] Batch 180 Loss: 0.0143
Epoch 9/10 done in 9.1s
  Train Loss: 0.0092 | Val Loss: 0.3120 | Val Acc: 93.38%
[Epoch 10/10] Batch 0 Loss: 0.0026
[Epoch 10/10] Batch 20 Loss: 0.0785
[Epoch 10/10] Batch 40 Loss: 0.0663
[Epoch 10/10] Batch 60 Loss: 0.0128
[Epoch 10/10] Batch 80 Loss: 0.0308
[Epoch 10/10] Batch 100 Loss: 0.0180
[Epoch 10/10] Batch 120 Loss: 0.0336
[Epoch 10/10] Batch 140 Loss: 0.0872
[Epoch 10/10] Batch 160 Loss: 0.4178
[Epoch 10/10] Batch 180 Loss: 0.0522
Epoch 10/10 done in 9.0s
  Train Loss: 0.0814 | Val Loss: 0.6066 | Val Acc: 86.00%
Training complete.

Running final test evaluation...
[TEST] Loss: 0.2837, Accuracy: 94.12%
Best validation accuracy was 94.62% (saved at checkpoints/resnet18_best.pt)

Job 2074454 consumed 0.7 billing hours from project ec12.

Submitted 2025-10-27T15:39:20; waited 2.9 minutes in the queue after becoming eligible to run.

Requested wallclock time: 4.0 hours
Elapsed wallclock time:   2.2 minutes

Job exited normally.

Task and CPU statistics:
ID             CPUs  Tasks  CPU util                Start  Elapsed  Exit status
2074454           4            0.0 %  2025-10-27T15:42:12  132.0 s  0
2074454.batch     4      1    57.9 %  2025-10-27T15:42:12  132.0 s  0

Used CPU time:   5.1 CPU minutes
Unused CPU time: 3.7 CPU minutes

Memory statistics, in GiB:
ID              Alloc   Usage
2074454          32.0        
2074454.batch    32.0     1.5

Job 2074454 completed at Mon Oct 27 15:44:24 CET 2025
