Starting job 2048326 on gpu-11 on Fox at Thu Oct 16 12:47:21 CEST 2025

Python path: /fp/homes01/u01/ec-aliaana/.conda/envs/SoccerNet311/bin/python
CUDA available?
True NVIDIA GeForce RTX 3090
Training RESNET18 on cuda for 10 epochs | 12 classes | 11471 samples
[Epoch 1/10] Batch 0 Loss: 2.7548
[Epoch 1/10] Batch 20 Loss: 1.1504
[Epoch 1/10] Batch 40 Loss: 0.7322
[Epoch 1/10] Batch 60 Loss: 0.9394
[Epoch 1/10] Batch 80 Loss: 0.7456
[Epoch 1/10] Batch 100 Loss: 0.5358
[Epoch 1/10] Batch 120 Loss: 0.6374
[Epoch 1/10] Batch 140 Loss: 0.4100
[Epoch 1/10] Batch 160 Loss: 0.4904
[Epoch 1/10] Batch 180 Loss: 0.2685
[Epoch 1/10] Batch 200 Loss: 0.2606
[Epoch 1/10] Batch 220 Loss: 0.6264
[Epoch 1/10] Batch 240 Loss: 0.6940
[Epoch 1/10] Batch 260 Loss: 0.2235
[Epoch 1/10] Batch 280 Loss: 0.3998
Epoch 1/10 done in 16.4s
  Train Loss: 0.6044 | Val Loss: 0.2575 | Val Acc: 93.81%
Saved new best model: checkpoints/resnet18_best.pt
[Epoch 2/10] Batch 0 Loss: 0.1570
[Epoch 2/10] Batch 20 Loss: 0.1299
[Epoch 2/10] Batch 40 Loss: 0.1766
[Epoch 2/10] Batch 60 Loss: 0.1190
[Epoch 2/10] Batch 80 Loss: 0.1349
[Epoch 2/10] Batch 100 Loss: 0.0858
[Epoch 2/10] Batch 120 Loss: 0.1716
[Epoch 2/10] Batch 140 Loss: 0.1078
[Epoch 2/10] Batch 160 Loss: 0.1315
[Epoch 2/10] Batch 180 Loss: 0.1225
[Epoch 2/10] Batch 200 Loss: 0.0676
[Epoch 2/10] Batch 220 Loss: 0.1617
[Epoch 2/10] Batch 240 Loss: 0.0657
[Epoch 2/10] Batch 260 Loss: 0.1175
[Epoch 2/10] Batch 280 Loss: 0.0167
Epoch 2/10 done in 11.8s
  Train Loss: 0.1466 | Val Loss: 0.2504 | Val Acc: 93.29%
[Epoch 3/10] Batch 0 Loss: 0.0233
[Epoch 3/10] Batch 20 Loss: 0.0440
[Epoch 3/10] Batch 40 Loss: 0.0320
[Epoch 3/10] Batch 60 Loss: 0.0202
[Epoch 3/10] Batch 80 Loss: 0.0803
[Epoch 3/10] Batch 100 Loss: 0.0669
[Epoch 3/10] Batch 120 Loss: 0.0398
[Epoch 3/10] Batch 140 Loss: 0.0398
[Epoch 3/10] Batch 160 Loss: 0.0335
[Epoch 3/10] Batch 180 Loss: 0.0350
[Epoch 3/10] Batch 200 Loss: 0.0067
[Epoch 3/10] Batch 220 Loss: 0.0138
[Epoch 3/10] Batch 240 Loss: 0.0365
[Epoch 3/10] Batch 260 Loss: 0.0240
[Epoch 3/10] Batch 280 Loss: 0.2592
Epoch 3/10 done in 11.8s
  Train Loss: 0.0546 | Val Loss: 0.2035 | Val Acc: 94.59%
Saved new best model: checkpoints/resnet18_best.pt
[Epoch 4/10] Batch 0 Loss: 0.0676
[Epoch 4/10] Batch 20 Loss: 0.0100
[Epoch 4/10] Batch 40 Loss: 0.0236
[Epoch 4/10] Batch 60 Loss: 0.0277
[Epoch 4/10] Batch 80 Loss: 0.0074
[Epoch 4/10] Batch 100 Loss: 0.0537
[Epoch 4/10] Batch 120 Loss: 0.0063
[Epoch 4/10] Batch 140 Loss: 0.0098
[Epoch 4/10] Batch 160 Loss: 0.0071
[Epoch 4/10] Batch 180 Loss: 0.0092
[Epoch 4/10] Batch 200 Loss: 0.0032
[Epoch 4/10] Batch 220 Loss: 0.0165
[Epoch 4/10] Batch 240 Loss: 0.0079
[Epoch 4/10] Batch 260 Loss: 0.0434
[Epoch 4/10] Batch 280 Loss: 0.0058
Epoch 4/10 done in 11.6s
  Train Loss: 0.0192 | Val Loss: 0.2345 | Val Acc: 94.94%
Saved new best model: checkpoints/resnet18_best.pt
[Epoch 5/10] Batch 0 Loss: 0.0072
[Epoch 5/10] Batch 20 Loss: 0.0138
[Epoch 5/10] Batch 40 Loss: 0.0028
[Epoch 5/10] Batch 60 Loss: 0.0029
[Epoch 5/10] Batch 80 Loss: 0.0025
[Epoch 5/10] Batch 100 Loss: 0.0032
[Epoch 5/10] Batch 120 Loss: 0.0101
[Epoch 5/10] Batch 140 Loss: 0.0066
[Epoch 5/10] Batch 160 Loss: 0.0123
[Epoch 5/10] Batch 180 Loss: 0.0044
[Epoch 5/10] Batch 200 Loss: 0.0039
[Epoch 5/10] Batch 220 Loss: 0.0519
[Epoch 5/10] Batch 240 Loss: 0.0071
[Epoch 5/10] Batch 260 Loss: 0.0062
[Epoch 5/10] Batch 280 Loss: 0.0081
Epoch 5/10 done in 11.9s
  Train Loss: 0.0140 | Val Loss: 0.2876 | Val Acc: 93.64%
[Epoch 6/10] Batch 0 Loss: 0.0025
[Epoch 6/10] Batch 20 Loss: 0.0152
[Epoch 6/10] Batch 40 Loss: 0.0213
[Epoch 6/10] Batch 60 Loss: 0.0059
[Epoch 6/10] Batch 80 Loss: 0.0137
[Epoch 6/10] Batch 100 Loss: 0.0077
[Epoch 6/10] Batch 120 Loss: 0.0294
[Epoch 6/10] Batch 140 Loss: 0.0229
[Epoch 6/10] Batch 160 Loss: 0.0019
[Epoch 6/10] Batch 180 Loss: 0.1176
[Epoch 6/10] Batch 200 Loss: 0.0134
[Epoch 6/10] Batch 220 Loss: 0.0113
[Epoch 6/10] Batch 240 Loss: 0.0017
[Epoch 6/10] Batch 260 Loss: 0.0075
[Epoch 6/10] Batch 280 Loss: 0.0069
Epoch 6/10 done in 11.8s
  Train Loss: 0.0167 | Val Loss: 0.2900 | Val Acc: 94.86%
[Epoch 7/10] Batch 0 Loss: 0.0066
[Epoch 7/10] Batch 20 Loss: 0.0048
[Epoch 7/10] Batch 40 Loss: 0.0072
[Epoch 7/10] Batch 60 Loss: 0.0213
[Epoch 7/10] Batch 80 Loss: 0.0195
[Epoch 7/10] Batch 100 Loss: 0.0138
[Epoch 7/10] Batch 120 Loss: 0.0069
[Epoch 7/10] Batch 140 Loss: 0.0212
[Epoch 7/10] Batch 160 Loss: 0.0094
[Epoch 7/10] Batch 180 Loss: 0.0415
[Epoch 7/10] Batch 200 Loss: 0.0073
[Epoch 7/10] Batch 220 Loss: 0.0119
[Epoch 7/10] Batch 240 Loss: 0.0346
[Epoch 7/10] Batch 260 Loss: 0.0135
[Epoch 7/10] Batch 280 Loss: 0.0422
Epoch 7/10 done in 11.9s
  Train Loss: 0.0331 | Val Loss: 0.2929 | Val Acc: 93.55%
[Epoch 8/10] Batch 0 Loss: 0.0233
[Epoch 8/10] Batch 20 Loss: 0.0162
[Epoch 8/10] Batch 40 Loss: 0.0049
[Epoch 8/10] Batch 60 Loss: 0.0461
[Epoch 8/10] Batch 80 Loss: 0.0409
[Epoch 8/10] Batch 100 Loss: 0.0169
[Epoch 8/10] Batch 120 Loss: 0.0139
[Epoch 8/10] Batch 140 Loss: 0.0072
[Epoch 8/10] Batch 160 Loss: 0.0056
[Epoch 8/10] Batch 180 Loss: 0.0046
[Epoch 8/10] Batch 200 Loss: 0.0412
[Epoch 8/10] Batch 220 Loss: 0.0267
[Epoch 8/10] Batch 240 Loss: 0.0653
[Epoch 8/10] Batch 260 Loss: 0.0388
[Epoch 8/10] Batch 280 Loss: 0.0097
Epoch 8/10 done in 11.8s
  Train Loss: 0.0317 | Val Loss: 0.2867 | Val Acc: 93.98%
[Epoch 9/10] Batch 0 Loss: 0.0600
[Epoch 9/10] Batch 20 Loss: 0.0029
[Epoch 9/10] Batch 40 Loss: 0.0023
[Epoch 9/10] Batch 60 Loss: 0.2841
[Epoch 9/10] Batch 80 Loss: 0.2147
[Epoch 9/10] Batch 100 Loss: 0.0351
[Epoch 9/10] Batch 120 Loss: 0.0166
[Epoch 9/10] Batch 140 Loss: 0.0064
[Epoch 9/10] Batch 160 Loss: 0.0244
[Epoch 9/10] Batch 180 Loss: 0.3363
[Epoch 9/10] Batch 200 Loss: 0.0022
[Epoch 9/10] Batch 220 Loss: 0.0194
[Epoch 9/10] Batch 240 Loss: 0.0556
[Epoch 9/10] Batch 260 Loss: 0.0300
[Epoch 9/10] Batch 280 Loss: 0.0116
Epoch 9/10 done in 11.8s
  Train Loss: 0.0301 | Val Loss: 0.3203 | Val Acc: 92.68%
[Epoch 10/10] Batch 0 Loss: 0.0318
[Epoch 10/10] Batch 20 Loss: 0.0050
[Epoch 10/10] Batch 40 Loss: 0.0023
[Epoch 10/10] Batch 60 Loss: 0.0087
[Epoch 10/10] Batch 80 Loss: 0.0686
[Epoch 10/10] Batch 100 Loss: 0.0087
[Epoch 10/10] Batch 120 Loss: 0.0016
[Epoch 10/10] Batch 140 Loss: 0.1027
[Epoch 10/10] Batch 160 Loss: 0.0130
[Epoch 10/10] Batch 180 Loss: 0.0117
[Epoch 10/10] Batch 200 Loss: 0.0035
[Epoch 10/10] Batch 220 Loss: 0.1084
[Epoch 10/10] Batch 240 Loss: 0.0076
[Epoch 10/10] Batch 260 Loss: 0.0018
[Epoch 10/10] Batch 280 Loss: 0.0028
Epoch 10/10 done in 11.8s
  Train Loss: 0.0198 | Val Loss: 0.3023 | Val Acc: 94.33%
Training complete.

Running final test evaluation...
[TEST] Loss: 0.1954, Accuracy: 95.21%
Best validation accuracy was 94.94% (saved at checkpoints/resnet18_best.pt)

Job 2048326 consumed 0.8 billing hours from project ec12.

Submitted 2025-10-16T12:47:04; waited 16.0 seconds in the queue after becoming eligible to run.

Requested wallclock time: 4.0 hours
Elapsed wallclock time:   2.6 minutes

Job exited normally.

Task and CPU statistics:
ID             CPUs  Tasks  CPU util                Start  Elapsed  Exit status
2048326           4            0.0 %  2025-10-16T12:47:20  155.0 s  0
2048326.batch     4      1    69.6 %  2025-10-16T12:47:20  155.0 s  0

Used CPU time:   7.2 CPU minutes
Unused CPU time: 3.1 CPU minutes

Memory statistics, in GiB:
ID              Alloc   Usage
2048326          32.0        
2048326.batch    32.0     1.5

Job 2048326 completed at Thu Oct 16 12:49:55 CEST 2025
