Starting job 2107494 on gpu-11 on Fox at Mon Nov 10 16:59:01 CET 2025

Python path: /fp/homes01/u01/ec-aliaana/.conda/envs/SoccerNet311/bin/python
CUDA available? True | Device: NVIDIA GeForce RTX 3090
Training label map: {'Close-up_behind_the_goal': 0, 'Close-up_corner': 1, 'Close-up_player_or_field_referee': 2, 'Close-up_side_staff': 3, 'Main_camera_center': 4, 'Main_camera_left': 5, 'Main_camera_right': 6, 'Public': 7}
Training RESNET18 on cuda for 10 epochs | 8 classes | 8400 samples
[Epoch 1/10] Batch 0 Loss: 2.1797
[Epoch 1/10] Batch 20 Loss: 0.6838
[Epoch 1/10] Batch 40 Loss: 0.7742
[Epoch 1/10] Batch 60 Loss: 0.6024
[Epoch 1/10] Batch 80 Loss: 0.3101
[Epoch 1/10] Batch 100 Loss: 0.4326
[Epoch 1/10] Batch 120 Loss: 0.8198
[Epoch 1/10] Batch 140 Loss: 0.3035
[Epoch 1/10] Batch 160 Loss: 0.2471
[Epoch 1/10] Batch 180 Loss: 0.1835
[Epoch 1/10] Batch 200 Loss: 0.3346
Epoch 1/10 done in 21.9s
  Train Loss: 0.4658 | Val Loss: 0.2480 | Val Acc: 92.98%
Saved new best model: checkpoints/resnet18_best.pt
[Epoch 2/10] Batch 0 Loss: 0.0884
[Epoch 2/10] Batch 20 Loss: 0.0521
[Epoch 2/10] Batch 40 Loss: 0.1127
[Epoch 2/10] Batch 60 Loss: 0.0922
[Epoch 2/10] Batch 80 Loss: 0.0375
[Epoch 2/10] Batch 100 Loss: 0.2464
[Epoch 2/10] Batch 120 Loss: 0.0364
[Epoch 2/10] Batch 140 Loss: 0.0755
[Epoch 2/10] Batch 160 Loss: 0.0532
[Epoch 2/10] Batch 180 Loss: 0.1127
[Epoch 2/10] Batch 200 Loss: 0.0163
Epoch 2/10 done in 11.1s
  Train Loss: 0.1187 | Val Loss: 0.1914 | Val Acc: 94.88%
Saved new best model: checkpoints/resnet18_best.pt
[Epoch 3/10] Batch 0 Loss: 0.0298
[Epoch 3/10] Batch 20 Loss: 0.0099
[Epoch 3/10] Batch 40 Loss: 0.0304
[Epoch 3/10] Batch 60 Loss: 0.0157
[Epoch 3/10] Batch 80 Loss: 0.0340
[Epoch 3/10] Batch 100 Loss: 0.0099
[Epoch 3/10] Batch 120 Loss: 0.0800
[Epoch 3/10] Batch 140 Loss: 0.0462
[Epoch 3/10] Batch 160 Loss: 0.0095
[Epoch 3/10] Batch 180 Loss: 0.1398
[Epoch 3/10] Batch 200 Loss: 0.0127
Epoch 3/10 done in 11.6s
  Train Loss: 0.0413 | Val Loss: 0.2233 | Val Acc: 94.17%
[Epoch 4/10] Batch 0 Loss: 0.0228
[Epoch 4/10] Batch 20 Loss: 0.0721
[Epoch 4/10] Batch 40 Loss: 0.0082
[Epoch 4/10] Batch 60 Loss: 0.1257
[Epoch 4/10] Batch 80 Loss: 0.0182
[Epoch 4/10] Batch 100 Loss: 0.0111
[Epoch 4/10] Batch 120 Loss: 0.0292
[Epoch 4/10] Batch 140 Loss: 0.0087
[Epoch 4/10] Batch 160 Loss: 0.0044
[Epoch 4/10] Batch 180 Loss: 0.0140
[Epoch 4/10] Batch 200 Loss: 0.0077
Epoch 4/10 done in 11.6s
  Train Loss: 0.0240 | Val Loss: 0.2268 | Val Acc: 95.12%
Saved new best model: checkpoints/resnet18_best.pt
[Epoch 5/10] Batch 0 Loss: 0.0286
[Epoch 5/10] Batch 20 Loss: 0.0124
[Epoch 5/10] Batch 40 Loss: 0.0023
[Epoch 5/10] Batch 60 Loss: 0.0368
[Epoch 5/10] Batch 80 Loss: 0.0096
[Epoch 5/10] Batch 100 Loss: 0.0138
[Epoch 5/10] Batch 120 Loss: 0.0037
[Epoch 5/10] Batch 140 Loss: 0.0208
[Epoch 5/10] Batch 160 Loss: 0.0165
[Epoch 5/10] Batch 180 Loss: 0.0484
[Epoch 5/10] Batch 200 Loss: 0.0028
Epoch 5/10 done in 10.8s
  Train Loss: 0.0135 | Val Loss: 0.2265 | Val Acc: 95.24%
Saved new best model: checkpoints/resnet18_best.pt
[Epoch 6/10] Batch 0 Loss: 0.0173
[Epoch 6/10] Batch 20 Loss: 0.0057
[Epoch 6/10] Batch 40 Loss: 0.0053
[Epoch 6/10] Batch 60 Loss: 0.0114
[Epoch 6/10] Batch 80 Loss: 0.0071
[Epoch 6/10] Batch 100 Loss: 0.0018
[Epoch 6/10] Batch 120 Loss: 0.0062
[Epoch 6/10] Batch 140 Loss: 0.0009
[Epoch 6/10] Batch 160 Loss: 0.0046
[Epoch 6/10] Batch 180 Loss: 0.0344
[Epoch 6/10] Batch 200 Loss: 0.0070
Epoch 6/10 done in 10.7s
  Train Loss: 0.0115 | Val Loss: 0.2176 | Val Acc: 95.00%
[Epoch 7/10] Batch 0 Loss: 0.0036
[Epoch 7/10] Batch 20 Loss: 0.0726
[Epoch 7/10] Batch 40 Loss: 0.0638
[Epoch 7/10] Batch 60 Loss: 0.0495
[Epoch 7/10] Batch 80 Loss: 0.0095
[Epoch 7/10] Batch 100 Loss: 0.0051
[Epoch 7/10] Batch 120 Loss: 0.0226
[Epoch 7/10] Batch 140 Loss: 0.0052
[Epoch 7/10] Batch 160 Loss: 0.0029
[Epoch 7/10] Batch 180 Loss: 0.0313
[Epoch 7/10] Batch 200 Loss: 0.0081
Epoch 7/10 done in 10.2s
  Train Loss: 0.0256 | Val Loss: 0.2708 | Val Acc: 93.93%
[Epoch 8/10] Batch 0 Loss: 0.0090
[Epoch 8/10] Batch 20 Loss: 0.0079
[Epoch 8/10] Batch 40 Loss: 0.0137
[Epoch 8/10] Batch 60 Loss: 0.0264
[Epoch 8/10] Batch 80 Loss: 0.0640
[Epoch 8/10] Batch 100 Loss: 0.0268
[Epoch 8/10] Batch 120 Loss: 0.0116
[Epoch 8/10] Batch 140 Loss: 0.1088
[Epoch 8/10] Batch 160 Loss: 0.0084
[Epoch 8/10] Batch 180 Loss: 0.0062
[Epoch 8/10] Batch 200 Loss: 0.0110
Epoch 8/10 done in 10.2s
  Train Loss: 0.0470 | Val Loss: 0.2693 | Val Acc: 94.05%
[Epoch 9/10] Batch 0 Loss: 0.0240
[Epoch 9/10] Batch 20 Loss: 0.0136
[Epoch 9/10] Batch 40 Loss: 0.0184
[Epoch 9/10] Batch 60 Loss: 0.1256
[Epoch 9/10] Batch 80 Loss: 0.0170
[Epoch 9/10] Batch 100 Loss: 0.0057
[Epoch 9/10] Batch 120 Loss: 0.0252
[Epoch 9/10] Batch 140 Loss: 0.0757
[Epoch 9/10] Batch 160 Loss: 0.0121
[Epoch 9/10] Batch 180 Loss: 0.0778
[Epoch 9/10] Batch 200 Loss: 0.0099
Epoch 9/10 done in 10.2s
  Train Loss: 0.0430 | Val Loss: 0.3127 | Val Acc: 94.29%
[Epoch 10/10] Batch 0 Loss: 0.0423
[Epoch 10/10] Batch 20 Loss: 0.0041
[Epoch 10/10] Batch 40 Loss: 0.0061
[Epoch 10/10] Batch 60 Loss: 0.0057
[Epoch 10/10] Batch 80 Loss: 0.0023
[Epoch 10/10] Batch 100 Loss: 0.0135
[Epoch 10/10] Batch 120 Loss: 0.0746
[Epoch 10/10] Batch 140 Loss: 0.0034
[Epoch 10/10] Batch 160 Loss: 0.0053
[Epoch 10/10] Batch 180 Loss: 0.0424
[Epoch 10/10] Batch 200 Loss: 0.0053
Epoch 10/10 done in 10.2s
  Train Loss: 0.0188 | Val Loss: 0.2460 | Val Acc: 94.76%
Training complete.

Running final test evaluation...
[TEST] Loss: 0.2053, Accuracy: 95.00%
Best validation accuracy was 95.24% (saved at checkpoints/resnet18_best.pt)

Job 2107494 consumed 0.8 billing hours from project ec12.

Submitted 2025-11-10T16:58:52; waited 9.0 seconds in the queue after becoming eligible to run.

Requested wallclock time: 4.0 hours
Elapsed wallclock time:   2.6 minutes

Job exited normally.

Task and CPU statistics:
ID             CPUs  Tasks  CPU util                Start  Elapsed  Exit status
2107494           4            0.0 %  2025-11-10T16:59:01  156.0 s  0
2107494.batch     4      1    61.4 %  2025-11-10T16:59:01  156.0 s  0

Used CPU time:   6.4 CPU minutes
Unused CPU time: 4.0 CPU minutes

Memory statistics, in GiB:
ID              Alloc   Usage
2107494          32.0        
2107494.batch    32.0     1.7

Job 2107494 completed at Mon Nov 10 17:01:37 CET 2025
