Starting job 2184993 on gpu-11 on Fox at Thu Dec 11 06:42:15 CET 2025

Python path: /fp/homes01/u01/ec-aliaana/.conda/envs/SoccerNet311/bin/python
CUDA available? True | Device: NVIDIA GeForce RTX 3090
Training label map: {'Close-up_behind_the_goal': 0, 'Close-up_corner': 1, 'Close-up_player_or_field_referee': 2, 'Close-up_side_staff': 3, 'Main_camera_center': 4, 'Main_camera_left': 5, 'Main_camera_right': 6, 'Public': 7}
Training RESNET50 on cuda for 20 epochs | 8 classes | 9535 samples
[Epoch 1/20] Batch 0 Loss: 2.0657
[Epoch 1/20] Batch 20 Loss: 0.6826
[Epoch 1/20] Batch 40 Loss: 0.1954
[Epoch 1/20] Batch 60 Loss: 0.9387
[Epoch 1/20] Batch 80 Loss: 0.3163
[Epoch 1/20] Batch 100 Loss: 0.2126
[Epoch 1/20] Batch 120 Loss: 0.6996
[Epoch 1/20] Batch 140 Loss: 0.3049
[Epoch 1/20] Batch 160 Loss: 0.3828
[Epoch 1/20] Batch 180 Loss: 0.1449
[Epoch 1/20] Batch 200 Loss: 0.5224
[Epoch 1/20] Batch 220 Loss: 0.2442
Epoch 1/20 done in 21.1s
  Train Loss: 0.3986 | Val Loss: 0.2437 | Val Acc: 92.44%
Saved new best model: checkpoints/resnet50_best.pt
[Epoch 2/20] Batch 0 Loss: 0.2191
[Epoch 2/20] Batch 20 Loss: 0.0877
[Epoch 2/20] Batch 40 Loss: 0.2283
[Epoch 2/20] Batch 60 Loss: 0.2844
[Epoch 2/20] Batch 80 Loss: 0.2722
[Epoch 2/20] Batch 100 Loss: 0.0678
[Epoch 2/20] Batch 120 Loss: 0.1730
[Epoch 2/20] Batch 140 Loss: 0.1012
[Epoch 2/20] Batch 160 Loss: 0.0814
[Epoch 2/20] Batch 180 Loss: 0.3740
[Epoch 2/20] Batch 200 Loss: 0.0972
[Epoch 2/20] Batch 220 Loss: 0.1374
Epoch 2/20 done in 20.5s
  Train Loss: 0.1513 | Val Loss: 0.2237 | Val Acc: 93.28%
Saved new best model: checkpoints/resnet50_best.pt
[Epoch 3/20] Batch 0 Loss: 0.1650
[Epoch 3/20] Batch 20 Loss: 0.0408
[Epoch 3/20] Batch 40 Loss: 0.0311
[Epoch 3/20] Batch 60 Loss: 0.2963
[Epoch 3/20] Batch 80 Loss: 0.0318
[Epoch 3/20] Batch 100 Loss: 0.1827
[Epoch 3/20] Batch 120 Loss: 0.0696
[Epoch 3/20] Batch 140 Loss: 0.1218
[Epoch 3/20] Batch 160 Loss: 0.1100
[Epoch 3/20] Batch 180 Loss: 0.0803
[Epoch 3/20] Batch 200 Loss: 0.0296
[Epoch 3/20] Batch 220 Loss: 0.0377
Epoch 3/20 done in 20.4s
  Train Loss: 0.0827 | Val Loss: 0.2277 | Val Acc: 93.18%
[Epoch 4/20] Batch 0 Loss: 0.0299
[Epoch 4/20] Batch 20 Loss: 0.0170
[Epoch 4/20] Batch 40 Loss: 0.0222
[Epoch 4/20] Batch 60 Loss: 0.0052
[Epoch 4/20] Batch 80 Loss: 0.0545
[Epoch 4/20] Batch 100 Loss: 0.0173
[Epoch 4/20] Batch 120 Loss: 0.0231
[Epoch 4/20] Batch 140 Loss: 0.0022
[Epoch 4/20] Batch 160 Loss: 0.0393
[Epoch 4/20] Batch 180 Loss: 0.0037
[Epoch 4/20] Batch 200 Loss: 0.0357
[Epoch 4/20] Batch 220 Loss: 0.0215
Epoch 4/20 done in 20.6s
  Train Loss: 0.0544 | Val Loss: 0.2277 | Val Acc: 93.81%
Saved new best model: checkpoints/resnet50_best.pt
[Epoch 5/20] Batch 0 Loss: 0.0293
[Epoch 5/20] Batch 20 Loss: 0.0131
[Epoch 5/20] Batch 40 Loss: 0.0099
[Epoch 5/20] Batch 60 Loss: 0.0024
[Epoch 5/20] Batch 80 Loss: 0.0826
[Epoch 5/20] Batch 100 Loss: 0.0206
[Epoch 5/20] Batch 120 Loss: 0.0466
[Epoch 5/20] Batch 140 Loss: 0.0672
[Epoch 5/20] Batch 160 Loss: 0.1544
[Epoch 5/20] Batch 180 Loss: 0.1043
[Epoch 5/20] Batch 200 Loss: 0.0479
[Epoch 5/20] Batch 220 Loss: 0.0445
Epoch 5/20 done in 20.4s
  Train Loss: 0.0442 | Val Loss: 0.2549 | Val Acc: 92.24%
[Epoch 6/20] Batch 0 Loss: 0.0055
[Epoch 6/20] Batch 20 Loss: 0.0101
[Epoch 6/20] Batch 40 Loss: 0.0078
[Epoch 6/20] Batch 60 Loss: 0.0048
[Epoch 6/20] Batch 80 Loss: 0.0146
[Epoch 6/20] Batch 100 Loss: 0.0165
[Epoch 6/20] Batch 120 Loss: 0.0452
[Epoch 6/20] Batch 140 Loss: 0.0050
[Epoch 6/20] Batch 160 Loss: 0.0049
[Epoch 6/20] Batch 180 Loss: 0.0273
[Epoch 6/20] Batch 200 Loss: 0.0156
[Epoch 6/20] Batch 220 Loss: 0.0073
Epoch 6/20 done in 20.5s
  Train Loss: 0.0308 | Val Loss: 0.2357 | Val Acc: 94.02%
Saved new best model: checkpoints/resnet50_best.pt
[Epoch 7/20] Batch 0 Loss: 0.0103
[Epoch 7/20] Batch 20 Loss: 0.0095
[Epoch 7/20] Batch 40 Loss: 0.0097
[Epoch 7/20] Batch 60 Loss: 0.0675
[Epoch 7/20] Batch 80 Loss: 0.0150
[Epoch 7/20] Batch 100 Loss: 0.0063
[Epoch 7/20] Batch 120 Loss: 0.0009
[Epoch 7/20] Batch 140 Loss: 0.0954
[Epoch 7/20] Batch 160 Loss: 0.0101
[Epoch 7/20] Batch 180 Loss: 0.0020
[Epoch 7/20] Batch 200 Loss: 0.0197
[Epoch 7/20] Batch 220 Loss: 0.0016
Epoch 7/20 done in 20.6s
  Train Loss: 0.0314 | Val Loss: 0.2462 | Val Acc: 94.44%
Saved new best model: checkpoints/resnet50_best.pt
[Epoch 8/20] Batch 0 Loss: 0.0016
[Epoch 8/20] Batch 20 Loss: 0.0733
[Epoch 8/20] Batch 40 Loss: 0.0132
[Epoch 8/20] Batch 60 Loss: 0.0073
[Epoch 8/20] Batch 80 Loss: 0.0130
[Epoch 8/20] Batch 100 Loss: 0.0307
[Epoch 8/20] Batch 120 Loss: 0.0037
[Epoch 8/20] Batch 140 Loss: 0.0085
[Epoch 8/20] Batch 160 Loss: 0.1821
[Epoch 8/20] Batch 180 Loss: 0.0214
[Epoch 8/20] Batch 200 Loss: 0.0563
[Epoch 8/20] Batch 220 Loss: 0.0755
Epoch 8/20 done in 20.6s
  Train Loss: 0.0318 | Val Loss: 0.2592 | Val Acc: 94.02%
[Epoch 9/20] Batch 0 Loss: 0.0345
[Epoch 9/20] Batch 20 Loss: 0.0294
[Epoch 9/20] Batch 40 Loss: 0.0110
[Epoch 9/20] Batch 60 Loss: 0.1376
[Epoch 9/20] Batch 80 Loss: 0.0658
[Epoch 9/20] Batch 100 Loss: 0.0942
[Epoch 9/20] Batch 120 Loss: 0.0055
[Epoch 9/20] Batch 140 Loss: 0.0090
[Epoch 9/20] Batch 160 Loss: 0.0211
[Epoch 9/20] Batch 180 Loss: 0.0432
[Epoch 9/20] Batch 200 Loss: 0.0483
[Epoch 9/20] Batch 220 Loss: 0.0492
Epoch 9/20 done in 20.6s
  Train Loss: 0.0573 | Val Loss: 0.3403 | Val Acc: 90.56%
[Epoch 10/20] Batch 0 Loss: 0.1543
[Epoch 10/20] Batch 20 Loss: 0.0114
[Epoch 10/20] Batch 40 Loss: 0.0374
[Epoch 10/20] Batch 60 Loss: 0.0336
[Epoch 10/20] Batch 80 Loss: 0.0055
[Epoch 10/20] Batch 100 Loss: 0.0172
[Epoch 10/20] Batch 120 Loss: 0.0081
[Epoch 10/20] Batch 140 Loss: 0.0559
[Epoch 10/20] Batch 160 Loss: 0.0094
[Epoch 10/20] Batch 180 Loss: 0.0286
[Epoch 10/20] Batch 200 Loss: 0.1304
[Epoch 10/20] Batch 220 Loss: 0.0242
Epoch 10/20 done in 20.4s
  Train Loss: 0.0251 | Val Loss: 0.2543 | Val Acc: 94.12%
[Epoch 11/20] Batch 0 Loss: 0.0081
[Epoch 11/20] Batch 20 Loss: 0.0254
[Epoch 11/20] Batch 40 Loss: 0.0172
[Epoch 11/20] Batch 60 Loss: 0.0147
[Epoch 11/20] Batch 80 Loss: 0.0006
[Epoch 11/20] Batch 100 Loss: 0.0007
[Epoch 11/20] Batch 120 Loss: 0.0034
[Epoch 11/20] Batch 140 Loss: 0.0008
[Epoch 11/20] Batch 160 Loss: 0.0141
[Epoch 11/20] Batch 180 Loss: 0.0267
[Epoch 11/20] Batch 200 Loss: 0.0008
[Epoch 11/20] Batch 220 Loss: 0.0010
Epoch 11/20 done in 20.6s
  Train Loss: 0.0104 | Val Loss: 0.2438 | Val Acc: 94.86%
Saved new best model: checkpoints/resnet50_best.pt
[Epoch 12/20] Batch 0 Loss: 0.0033
[Epoch 12/20] Batch 20 Loss: 0.0171
[Epoch 12/20] Batch 40 Loss: 0.0081
[Epoch 12/20] Batch 60 Loss: 0.0029
[Epoch 12/20] Batch 80 Loss: 0.0014
[Epoch 12/20] Batch 100 Loss: 0.0940
[Epoch 12/20] Batch 120 Loss: 0.0265
[Epoch 12/20] Batch 140 Loss: 0.0110
[Epoch 12/20] Batch 160 Loss: 0.0041
[Epoch 12/20] Batch 180 Loss: 0.0164
[Epoch 12/20] Batch 200 Loss: 0.0997
[Epoch 12/20] Batch 220 Loss: 0.0120
Epoch 12/20 done in 20.6s
  Train Loss: 0.0241 | Val Loss: 0.2496 | Val Acc: 94.44%
[Epoch 13/20] Batch 0 Loss: 0.0078
[Epoch 13/20] Batch 20 Loss: 0.0349
[Epoch 13/20] Batch 40 Loss: 0.0120
[Epoch 13/20] Batch 60 Loss: 0.0072
[Epoch 13/20] Batch 80 Loss: 0.0119
[Epoch 13/20] Batch 100 Loss: 0.0202
[Epoch 13/20] Batch 120 Loss: 0.0757
[Epoch 13/20] Batch 140 Loss: 0.0004
[Epoch 13/20] Batch 160 Loss: 0.0014
[Epoch 13/20] Batch 180 Loss: 0.0012
[Epoch 13/20] Batch 200 Loss: 0.1641
[Epoch 13/20] Batch 220 Loss: 0.0002
Epoch 13/20 done in 20.7s
  Train Loss: 0.0227 | Val Loss: 0.2607 | Val Acc: 93.49%
[Epoch 14/20] Batch 0 Loss: 0.0030
[Epoch 14/20] Batch 20 Loss: 0.0007
[Epoch 14/20] Batch 40 Loss: 0.0039
[Epoch 14/20] Batch 60 Loss: 0.0040
[Epoch 14/20] Batch 80 Loss: 0.0025
[Epoch 14/20] Batch 100 Loss: 0.0006
[Epoch 14/20] Batch 120 Loss: 0.0389
[Epoch 14/20] Batch 140 Loss: 0.0205
[Epoch 14/20] Batch 160 Loss: 0.0146
[Epoch 14/20] Batch 180 Loss: 0.0053
[Epoch 14/20] Batch 200 Loss: 0.0059
[Epoch 14/20] Batch 220 Loss: 0.0318
Epoch 14/20 done in 20.6s
  Train Loss: 0.0234 | Val Loss: 0.3223 | Val Acc: 93.70%
[Epoch 15/20] Batch 0 Loss: 0.0160
[Epoch 15/20] Batch 20 Loss: 0.0236
[Epoch 15/20] Batch 40 Loss: 0.0180
[Epoch 15/20] Batch 60 Loss: 0.0046
[Epoch 15/20] Batch 80 Loss: 0.0137
[Epoch 15/20] Batch 100 Loss: 0.0015
[Epoch 15/20] Batch 120 Loss: 0.0012
[Epoch 15/20] Batch 140 Loss: 0.0085
[Epoch 15/20] Batch 160 Loss: 0.0015
[Epoch 15/20] Batch 180 Loss: 0.0079
[Epoch 15/20] Batch 200 Loss: 0.0011
[Epoch 15/20] Batch 220 Loss: 0.0011
Epoch 15/20 done in 20.5s
  Train Loss: 0.0166 | Val Loss: 0.2605 | Val Acc: 94.96%
Saved new best model: checkpoints/resnet50_best.pt
[Epoch 16/20] Batch 0 Loss: 0.0282
[Epoch 16/20] Batch 20 Loss: 0.0036
[Epoch 16/20] Batch 40 Loss: 0.0084
[Epoch 16/20] Batch 60 Loss: 0.0093
[Epoch 16/20] Batch 80 Loss: 0.0011
[Epoch 16/20] Batch 100 Loss: 0.0296
[Epoch 16/20] Batch 120 Loss: 0.0008
[Epoch 16/20] Batch 140 Loss: 0.0761
[Epoch 16/20] Batch 160 Loss: 0.0181
[Epoch 16/20] Batch 180 Loss: 0.0172
[Epoch 16/20] Batch 200 Loss: 0.0561
[Epoch 16/20] Batch 220 Loss: 0.0012
Epoch 16/20 done in 20.5s
  Train Loss: 0.0224 | Val Loss: 0.2972 | Val Acc: 93.39%
[Epoch 17/20] Batch 0 Loss: 0.0280
[Epoch 17/20] Batch 20 Loss: 0.0041
[Epoch 17/20] Batch 40 Loss: 0.1802
[Epoch 17/20] Batch 60 Loss: 0.0020
[Epoch 17/20] Batch 80 Loss: 0.0073
[Epoch 17/20] Batch 100 Loss: 0.0022
[Epoch 17/20] Batch 120 Loss: 0.0018
[Epoch 17/20] Batch 140 Loss: 0.0022
[Epoch 17/20] Batch 160 Loss: 0.0304
[Epoch 17/20] Batch 180 Loss: 0.1137
[Epoch 17/20] Batch 200 Loss: 0.0008
[Epoch 17/20] Batch 220 Loss: 0.0447
Epoch 17/20 done in 20.7s
  Train Loss: 0.0205 | Val Loss: 0.2695 | Val Acc: 94.23%
[Epoch 18/20] Batch 0 Loss: 0.0223
[Epoch 18/20] Batch 20 Loss: 0.0018
[Epoch 18/20] Batch 40 Loss: 0.0005
[Epoch 18/20] Batch 60 Loss: 0.0063
[Epoch 18/20] Batch 80 Loss: 0.0010
[Epoch 18/20] Batch 100 Loss: 0.0016
[Epoch 18/20] Batch 120 Loss: 0.0932
[Epoch 18/20] Batch 140 Loss: 0.0057
[Epoch 18/20] Batch 160 Loss: 0.0015
[Epoch 18/20] Batch 180 Loss: 0.0035
[Epoch 18/20] Batch 200 Loss: 0.0203
[Epoch 18/20] Batch 220 Loss: 0.0643
Epoch 18/20 done in 20.4s
  Train Loss: 0.0195 | Val Loss: 0.2871 | Val Acc: 93.28%
[Epoch 19/20] Batch 0 Loss: 0.0028
[Epoch 19/20] Batch 20 Loss: 0.0049
[Epoch 19/20] Batch 40 Loss: 0.1122
[Epoch 19/20] Batch 60 Loss: 0.0052
[Epoch 19/20] Batch 80 Loss: 0.0585
[Epoch 19/20] Batch 100 Loss: 0.0036
[Epoch 19/20] Batch 120 Loss: 0.0520
[Epoch 19/20] Batch 140 Loss: 0.0346
[Epoch 19/20] Batch 160 Loss: 0.0047
[Epoch 19/20] Batch 180 Loss: 0.0426
[Epoch 19/20] Batch 200 Loss: 0.0011
[Epoch 19/20] Batch 220 Loss: 0.0005
Epoch 19/20 done in 20.7s
  Train Loss: 0.0250 | Val Loss: 0.2800 | Val Acc: 94.33%
[Epoch 20/20] Batch 0 Loss: 0.0024
[Epoch 20/20] Batch 20 Loss: 0.1138
[Epoch 20/20] Batch 40 Loss: 0.0015
[Epoch 20/20] Batch 60 Loss: 0.0308
[Epoch 20/20] Batch 80 Loss: 0.0027
[Epoch 20/20] Batch 100 Loss: 0.0002
[Epoch 20/20] Batch 120 Loss: 0.0003
[Epoch 20/20] Batch 140 Loss: 0.0011
[Epoch 20/20] Batch 160 Loss: 0.0592
[Epoch 20/20] Batch 180 Loss: 0.0052
[Epoch 20/20] Batch 200 Loss: 0.0309
[Epoch 20/20] Batch 220 Loss: 0.0030
Epoch 20/20 done in 20.7s
  Train Loss: 0.0146 | Val Loss: 0.2525 | Val Acc: 94.44%
Training complete.

Running final test evaluation...
[TEST] Loss: 0.3339, Accuracy: 92.14%
Best validation accuracy was 94.96% (saved at checkpoints/resnet50_best.pt)

Job 2184993 consumed 2.3 billing hours from project ec12.

Submitted 2025-12-11T02:30:52; waited 4.2 hours in the queue after becoming eligible to run.

Requested wallclock time: 4.0 hours
Elapsed wallclock time:   7.2 minutes

Job exited normally.

Task and CPU statistics:
ID             CPUs  Tasks  CPU util                Start  Elapsed  Exit status
2184993           4            0.0 %  2025-12-11T06:42:15  430.0 s  0
2184993.batch     4      1    58.9 %  2025-12-11T06:42:15  430.0 s  0

Used CPU time:   16.9 CPU minutes
Unused CPU time: 11.8 CPU minutes

Memory statistics, in GiB:
ID              Alloc   Usage
2184993          32.0        
2184993.batch    32.0     1.7

Job 2184993 completed at Thu Dec 11 06:49:26 CET 2025
