Starting job 2044800 on gpu-5 on Fox at Tue Oct 14 15:20:33 CEST 2025

Python path: /fp/homes01/u01/ec-aliaana/.conda/envs/SoccerNet311/bin/python
CUDA available?
True NVIDIA GeForce RTX 3090
Training on cuda for 5 epochs | 12 classes | 11471 samples
[Epoch 1/5] Batch 0 Loss: 2.6278
[Epoch 1/5] Batch 20 Loss: 1.1207
[Epoch 1/5] Batch 40 Loss: 0.8198
[Epoch 1/5] Batch 60 Loss: 0.3993
[Epoch 1/5] Batch 80 Loss: 0.7824
[Epoch 1/5] Batch 100 Loss: 0.6839
[Epoch 1/5] Batch 120 Loss: 0.6714
[Epoch 1/5] Batch 140 Loss: 0.4340
[Epoch 1/5] Batch 160 Loss: 0.4221
[Epoch 1/5] Batch 180 Loss: 0.7164
[Epoch 1/5] Batch 200 Loss: 0.3392
[Epoch 1/5] Batch 220 Loss: 0.1945
[Epoch 1/5] Batch 240 Loss: 0.2629
[Epoch 1/5] Batch 260 Loss: 0.2662
[Epoch 1/5] Batch 280 Loss: 0.6311
Epoch 1/5 done in 25.3s
  Train Loss: 0.5851 | Val Loss: 0.2888 | Val Acc: 92.15%
Saved checkpoint: checkpoints/resnet18_epoch1.pt
[Epoch 2/5] Batch 0 Loss: 0.0668
[Epoch 2/5] Batch 20 Loss: 0.0740
[Epoch 2/5] Batch 40 Loss: 0.0626
[Epoch 2/5] Batch 60 Loss: 0.1261
[Epoch 2/5] Batch 80 Loss: 0.0745
[Epoch 2/5] Batch 100 Loss: 0.3141
[Epoch 2/5] Batch 120 Loss: 0.0969
[Epoch 2/5] Batch 140 Loss: 0.1097
[Epoch 2/5] Batch 160 Loss: 0.1598
[Epoch 2/5] Batch 180 Loss: 0.1714
[Epoch 2/5] Batch 200 Loss: 0.0503
[Epoch 2/5] Batch 220 Loss: 0.1291
[Epoch 2/5] Batch 240 Loss: 0.0341
[Epoch 2/5] Batch 260 Loss: 0.1002
[Epoch 2/5] Batch 280 Loss: 0.1052
Epoch 2/5 done in 14.6s
  Train Loss: 0.1368 | Val Loss: 0.2245 | Val Acc: 94.33%
Saved checkpoint: checkpoints/resnet18_epoch2.pt
[Epoch 3/5] Batch 0 Loss: 0.0370
[Epoch 3/5] Batch 20 Loss: 0.0503
[Epoch 3/5] Batch 40 Loss: 0.0697
[Epoch 3/5] Batch 60 Loss: 0.0737
[Epoch 3/5] Batch 80 Loss: 0.0145
[Epoch 3/5] Batch 100 Loss: 0.0385
[Epoch 3/5] Batch 120 Loss: 0.0908
[Epoch 3/5] Batch 140 Loss: 0.0709
[Epoch 3/5] Batch 160 Loss: 0.1196
[Epoch 3/5] Batch 180 Loss: 0.0267
[Epoch 3/5] Batch 200 Loss: 0.0739
[Epoch 3/5] Batch 220 Loss: 0.0125
[Epoch 3/5] Batch 240 Loss: 0.0671
[Epoch 3/5] Batch 260 Loss: 0.0350
[Epoch 3/5] Batch 280 Loss: 0.0874
Epoch 3/5 done in 14.2s
  Train Loss: 0.0562 | Val Loss: 0.2159 | Val Acc: 94.25%
Saved checkpoint: checkpoints/resnet18_epoch3.pt
[Epoch 4/5] Batch 0 Loss: 0.0805
[Epoch 4/5] Batch 20 Loss: 0.0107
[Epoch 4/5] Batch 40 Loss: 0.0090
[Epoch 4/5] Batch 60 Loss: 0.0097
[Epoch 4/5] Batch 80 Loss: 0.0081
[Epoch 4/5] Batch 100 Loss: 0.0419
[Epoch 4/5] Batch 120 Loss: 0.0168
[Epoch 4/5] Batch 140 Loss: 0.0039
[Epoch 4/5] Batch 160 Loss: 0.0085
[Epoch 4/5] Batch 180 Loss: 0.0170
[Epoch 4/5] Batch 200 Loss: 0.0088
[Epoch 4/5] Batch 220 Loss: 0.0034
[Epoch 4/5] Batch 240 Loss: 0.1089
[Epoch 4/5] Batch 260 Loss: 0.0050
[Epoch 4/5] Batch 280 Loss: 0.0147
Epoch 4/5 done in 13.7s
  Train Loss: 0.0244 | Val Loss: 0.2217 | Val Acc: 94.94%
Saved checkpoint: checkpoints/resnet18_epoch4.pt
[Epoch 5/5] Batch 0 Loss: 0.0399
[Epoch 5/5] Batch 20 Loss: 0.0051
[Epoch 5/5] Batch 40 Loss: 0.0122
[Epoch 5/5] Batch 60 Loss: 0.0085
[Epoch 5/5] Batch 80 Loss: 0.0175
[Epoch 5/5] Batch 100 Loss: 0.0052
[Epoch 5/5] Batch 120 Loss: 0.0013
[Epoch 5/5] Batch 140 Loss: 0.0028
[Epoch 5/5] Batch 160 Loss: 0.0030
[Epoch 5/5] Batch 180 Loss: 0.0078
[Epoch 5/5] Batch 200 Loss: 0.0093
[Epoch 5/5] Batch 220 Loss: 0.0206
[Epoch 5/5] Batch 240 Loss: 0.0026
[Epoch 5/5] Batch 260 Loss: 0.0547
[Epoch 5/5] Batch 280 Loss: 0.0172
Epoch 5/5 done in 14.1s
  Train Loss: 0.0112 | Val Loss: 0.2368 | Val Acc: 94.94%
Saved checkpoint: checkpoints/resnet18_epoch5.pt
Training complete.

Running final test evaluation...
[TEST] Loss: 0.2210, Accuracy: 95.38%

Job 2044800 consumed 0.6 billing hours from project ec12.

Submitted 2025-10-14T15:20:32; waited 0.0 seconds in the queue after becoming eligible to run.

Requested wallclock time: 4.0 hours
Elapsed wallclock time:   2.0 minutes

Job exited normally.

Task and CPU statistics:
ID             CPUs  Tasks  CPU util                Start  Elapsed  Exit status
2044800           4            0.0 %  2025-10-14T15:20:32  123.0 s  0
2044800.batch     4      1    43.7 %  2025-10-14T15:20:32  123.0 s  0

Used CPU time:   3.6 CPU minutes
Unused CPU time: 4.6 CPU minutes

Memory statistics, in GiB:
ID              Alloc   Usage
2044800          32.0        
2044800.batch    32.0     1.5

Job 2044800 completed at Tue Oct 14 15:22:36 CEST 2025
