Starting job 2074461 on gpu-5 on Fox at Mon Oct 27 15:45:15 CET 2025

Python path: /fp/homes01/u01/ec-aliaana/.conda/envs/SoccerNet311/bin/python
CUDA available? True | Device: NVIDIA GeForce RTX 3090
Training label map: {'Close-up_behind_the_goal': 0, 'Close-up_corner': 1, 'Close-up_player_or_field_referee': 2, 'Close-up_side_staff': 3, 'Main_camera_center': 4, 'Main_camera_left': 5, 'Main_camera_right': 6, 'Public': 7}
Training VIT on cuda for 10 epochs | 8 classes | 8000 samples
[Epoch 1/10] Batch 0 Loss: 2.1637
[Epoch 1/10] Batch 20 Loss: 0.5268
[Epoch 1/10] Batch 40 Loss: 0.4986
[Epoch 1/10] Batch 60 Loss: 0.6037
[Epoch 1/10] Batch 80 Loss: 0.6067
[Epoch 1/10] Batch 100 Loss: 0.3189
[Epoch 1/10] Batch 120 Loss: 0.2022
[Epoch 1/10] Batch 140 Loss: 0.3261
[Epoch 1/10] Batch 160 Loss: 0.1924
[Epoch 1/10] Batch 180 Loss: 0.1730
Epoch 1/10 done in 52.9s
  Train Loss: 0.4735 | Val Loss: 0.2475 | Val Acc: 93.00%
Saved new best model: checkpoints/vit_best.pt
[Epoch 2/10] Batch 0 Loss: 0.1523
[Epoch 2/10] Batch 20 Loss: 0.0495
[Epoch 2/10] Batch 40 Loss: 0.1692
[Epoch 2/10] Batch 60 Loss: 0.1925
[Epoch 2/10] Batch 80 Loss: 0.1898
[Epoch 2/10] Batch 100 Loss: 0.0327
[Epoch 2/10] Batch 120 Loss: 0.1557
[Epoch 2/10] Batch 140 Loss: 0.1964
[Epoch 2/10] Batch 160 Loss: 0.0477
[Epoch 2/10] Batch 180 Loss: 0.0184
Epoch 2/10 done in 52.6s
  Train Loss: 0.1752 | Val Loss: 0.2217 | Val Acc: 93.75%
Saved new best model: checkpoints/vit_best.pt
[Epoch 3/10] Batch 0 Loss: 0.0526
[Epoch 3/10] Batch 20 Loss: 0.1802
[Epoch 3/10] Batch 40 Loss: 0.0859
[Epoch 3/10] Batch 60 Loss: 0.0504
[Epoch 3/10] Batch 80 Loss: 0.0219
[Epoch 3/10] Batch 100 Loss: 0.0710
[Epoch 3/10] Batch 120 Loss: 0.2244
[Epoch 3/10] Batch 140 Loss: 0.1575
[Epoch 3/10] Batch 160 Loss: 0.2437
[Epoch 3/10] Batch 180 Loss: 0.0351
Epoch 3/10 done in 52.6s
  Train Loss: 0.1153 | Val Loss: 0.1904 | Val Acc: 95.25%
Saved new best model: checkpoints/vit_best.pt
[Epoch 4/10] Batch 0 Loss: 0.0277
[Epoch 4/10] Batch 20 Loss: 0.0114
[Epoch 4/10] Batch 40 Loss: 0.0080
[Epoch 4/10] Batch 60 Loss: 0.0394
[Epoch 4/10] Batch 80 Loss: 0.0808
[Epoch 4/10] Batch 100 Loss: 0.2372
[Epoch 4/10] Batch 120 Loss: 0.0344
[Epoch 4/10] Batch 140 Loss: 0.1101
[Epoch 4/10] Batch 160 Loss: 0.0369
[Epoch 4/10] Batch 180 Loss: 0.0380
Epoch 4/10 done in 52.7s
  Train Loss: 0.0696 | Val Loss: 0.2123 | Val Acc: 94.62%
[Epoch 5/10] Batch 0 Loss: 0.0227
[Epoch 5/10] Batch 20 Loss: 0.3020
[Epoch 5/10] Batch 40 Loss: 0.0743
[Epoch 5/10] Batch 60 Loss: 0.0031
[Epoch 5/10] Batch 80 Loss: 0.0462
[Epoch 5/10] Batch 100 Loss: 0.0396
[Epoch 5/10] Batch 120 Loss: 0.0816
[Epoch 5/10] Batch 140 Loss: 0.0753
[Epoch 5/10] Batch 160 Loss: 0.0134
[Epoch 5/10] Batch 180 Loss: 0.2736
Epoch 5/10 done in 52.5s
  Train Loss: 0.0706 | Val Loss: 0.2799 | Val Acc: 93.50%
[Epoch 6/10] Batch 0 Loss: 0.1152
[Epoch 6/10] Batch 20 Loss: 0.0348
[Epoch 6/10] Batch 40 Loss: 0.0304
[Epoch 6/10] Batch 60 Loss: 0.0651
[Epoch 6/10] Batch 80 Loss: 0.0196
[Epoch 6/10] Batch 100 Loss: 0.0122
[Epoch 6/10] Batch 120 Loss: 0.0925
[Epoch 6/10] Batch 140 Loss: 0.0127
[Epoch 6/10] Batch 160 Loss: 0.1814
[Epoch 6/10] Batch 180 Loss: 0.0328
Epoch 6/10 done in 52.6s
  Train Loss: 0.0584 | Val Loss: 0.2262 | Val Acc: 93.00%
[Epoch 7/10] Batch 0 Loss: 0.0276
[Epoch 7/10] Batch 20 Loss: 0.0377
[Epoch 7/10] Batch 40 Loss: 0.1927
[Epoch 7/10] Batch 60 Loss: 0.0304
[Epoch 7/10] Batch 80 Loss: 0.0043
[Epoch 7/10] Batch 100 Loss: 0.0024
[Epoch 7/10] Batch 120 Loss: 0.0030
[Epoch 7/10] Batch 140 Loss: 0.0336
[Epoch 7/10] Batch 160 Loss: 0.0082
[Epoch 7/10] Batch 180 Loss: 0.0860
Epoch 7/10 done in 52.6s
  Train Loss: 0.0428 | Val Loss: 0.3435 | Val Acc: 92.25%
[Epoch 8/10] Batch 0 Loss: 0.1335
[Epoch 8/10] Batch 20 Loss: 0.0493
[Epoch 8/10] Batch 40 Loss: 0.0349
[Epoch 8/10] Batch 60 Loss: 0.2380
[Epoch 8/10] Batch 80 Loss: 0.0052
[Epoch 8/10] Batch 100 Loss: 0.0185
[Epoch 8/10] Batch 120 Loss: 0.0032
[Epoch 8/10] Batch 140 Loss: 0.0251
[Epoch 8/10] Batch 160 Loss: 0.0472
[Epoch 8/10] Batch 180 Loss: 0.0441
Epoch 8/10 done in 52.6s
  Train Loss: 0.0432 | Val Loss: 0.2573 | Val Acc: 95.12%
[Epoch 9/10] Batch 0 Loss: 0.0046
[Epoch 9/10] Batch 20 Loss: 0.0255
[Epoch 9/10] Batch 40 Loss: 0.1236
[Epoch 9/10] Batch 60 Loss: 0.0178
[Epoch 9/10] Batch 80 Loss: 0.0068
[Epoch 9/10] Batch 100 Loss: 0.0642
[Epoch 9/10] Batch 120 Loss: 0.0233
[Epoch 9/10] Batch 140 Loss: 0.0540
[Epoch 9/10] Batch 160 Loss: 0.0650
[Epoch 9/10] Batch 180 Loss: 0.1847
Epoch 9/10 done in 52.5s
  Train Loss: 0.0520 | Val Loss: 0.2642 | Val Acc: 94.62%
[Epoch 10/10] Batch 0 Loss: 0.0060
[Epoch 10/10] Batch 20 Loss: 0.0132
[Epoch 10/10] Batch 40 Loss: 0.1438
[Epoch 10/10] Batch 60 Loss: 0.3362
[Epoch 10/10] Batch 80 Loss: 0.0059
[Epoch 10/10] Batch 100 Loss: 0.0124
[Epoch 10/10] Batch 120 Loss: 0.0029
[Epoch 10/10] Batch 140 Loss: 0.0952
[Epoch 10/10] Batch 160 Loss: 0.0698
[Epoch 10/10] Batch 180 Loss: 0.0044
Epoch 10/10 done in 52.6s
  Train Loss: 0.0417 | Val Loss: 0.2407 | Val Acc: 95.00%
Training complete.

Running final test evaluation...
[TEST] Loss: 0.2060, Accuracy: 93.75%
Best validation accuracy was 95.25% (saved at checkpoints/vit_best.pt)

Job 2074461 consumed 2.9 billing hours from project ec12.

Submitted 2025-10-27T15:45:00; waited 15.0 seconds in the queue after becoming eligible to run.

Requested wallclock time: 4.0 hours
Elapsed wallclock time:   9.2 minutes

Job exited normally.

Task and CPU statistics:
ID             CPUs  Tasks  CPU util                Start  Elapsed  Exit status
2074461           4            0.0 %  2025-10-27T15:45:15  554.0 s  0
2074461.batch     4      1    32.7 %  2025-10-27T15:45:15  554.0 s  0

Used CPU time:   12.1 CPU minutes
Unused CPU time: 24.9 CPU minutes

Memory statistics, in GiB:
ID              Alloc   Usage
2074461          32.0        
2074461.batch    32.0     1.9

Job 2074461 completed at Mon Oct 27 15:54:29 CET 2025
