Starting job 2067074 on gpu-4 on Fox at Thu Oct 23 15:08:23 CEST 2025

Python path: /fp/homes01/u01/ec-aliaana/.conda/envs/SoccerNet311/bin/python
CUDA available?
True NVIDIA GeForce RTX 3090
Training label map: {'Close-up_behind_the_goal': 0, 'Close-up_corner': 1, 'Close-up_player_or_field_referee': 2, 'Close-up_side_staff': 3, 'Main_camera_center': 4, 'Main_camera_left': 5, 'Main_camera_right': 6, 'Public': 7}
Training RESNET18 on cuda for 10 epochs | 8 classes | 8000 samples
[Epoch 1/10] Batch 0 Loss: 2.2717
[Epoch 1/10] Batch 20 Loss: 0.8706
[Epoch 1/10] Batch 40 Loss: 0.5717
[Epoch 1/10] Batch 60 Loss: 0.3306
[Epoch 1/10] Batch 80 Loss: 0.3977
[Epoch 1/10] Batch 100 Loss: 0.4213
[Epoch 1/10] Batch 120 Loss: 0.4094
[Epoch 1/10] Batch 140 Loss: 0.1452
[Epoch 1/10] Batch 160 Loss: 0.1837
[Epoch 1/10] Batch 180 Loss: 0.2938
Epoch 1/10 done in 9.0s
  Train Loss: 0.4826 | Val Loss: 0.2198 | Val Acc: 94.50%
Saved new best model: checkpoints/resnet18_best.pt
[Epoch 2/10] Batch 0 Loss: 0.1437
[Epoch 2/10] Batch 20 Loss: 0.0984
[Epoch 2/10] Batch 40 Loss: 0.1995
[Epoch 2/10] Batch 60 Loss: 0.3097
[Epoch 2/10] Batch 80 Loss: 0.2844
[Epoch 2/10] Batch 100 Loss: 0.1969
[Epoch 2/10] Batch 120 Loss: 0.1581
[Epoch 2/10] Batch 140 Loss: 0.0753
[Epoch 2/10] Batch 160 Loss: 0.0683
[Epoch 2/10] Batch 180 Loss: 0.0862
Epoch 2/10 done in 8.2s
  Train Loss: 0.1368 | Val Loss: 0.1906 | Val Acc: 94.75%
Saved new best model: checkpoints/resnet18_best.pt
[Epoch 3/10] Batch 0 Loss: 0.0914
[Epoch 3/10] Batch 20 Loss: 0.0138
[Epoch 3/10] Batch 40 Loss: 0.1425
[Epoch 3/10] Batch 60 Loss: 0.0281
[Epoch 3/10] Batch 80 Loss: 0.0173
[Epoch 3/10] Batch 100 Loss: 0.0411
[Epoch 3/10] Batch 120 Loss: 0.0975
[Epoch 3/10] Batch 140 Loss: 0.0648
[Epoch 3/10] Batch 160 Loss: 0.0289
[Epoch 3/10] Batch 180 Loss: 0.0096
Epoch 3/10 done in 8.4s
  Train Loss: 0.0463 | Val Loss: 0.2109 | Val Acc: 94.75%
[Epoch 4/10] Batch 0 Loss: 0.0086
[Epoch 4/10] Batch 20 Loss: 0.0045
[Epoch 4/10] Batch 40 Loss: 0.0091
[Epoch 4/10] Batch 60 Loss: 0.0072
[Epoch 4/10] Batch 80 Loss: 0.0041
[Epoch 4/10] Batch 100 Loss: 0.0208
[Epoch 4/10] Batch 120 Loss: 0.0098
[Epoch 4/10] Batch 140 Loss: 0.0612
[Epoch 4/10] Batch 160 Loss: 0.0305
[Epoch 4/10] Batch 180 Loss: 0.0325
Epoch 4/10 done in 8.2s
  Train Loss: 0.0210 | Val Loss: 0.2044 | Val Acc: 95.38%
Saved new best model: checkpoints/resnet18_best.pt
[Epoch 5/10] Batch 0 Loss: 0.0081
[Epoch 5/10] Batch 20 Loss: 0.0574
[Epoch 5/10] Batch 40 Loss: 0.0569
[Epoch 5/10] Batch 60 Loss: 0.0050
[Epoch 5/10] Batch 80 Loss: 0.0042
[Epoch 5/10] Batch 100 Loss: 0.0061
[Epoch 5/10] Batch 120 Loss: 0.0058
[Epoch 5/10] Batch 140 Loss: 0.0027
[Epoch 5/10] Batch 160 Loss: 0.0062
[Epoch 5/10] Batch 180 Loss: 0.0029
Epoch 5/10 done in 8.3s
  Train Loss: 0.0114 | Val Loss: 0.2560 | Val Acc: 94.62%
[Epoch 6/10] Batch 0 Loss: 0.0048
[Epoch 6/10] Batch 20 Loss: 0.0015
[Epoch 6/10] Batch 40 Loss: 0.0016
[Epoch 6/10] Batch 60 Loss: 0.0019
[Epoch 6/10] Batch 80 Loss: 0.0018
[Epoch 6/10] Batch 100 Loss: 0.0039
[Epoch 6/10] Batch 120 Loss: 0.0020
[Epoch 6/10] Batch 140 Loss: 0.0038
[Epoch 6/10] Batch 160 Loss: 0.0021
[Epoch 6/10] Batch 180 Loss: 0.0014
Epoch 6/10 done in 8.2s
  Train Loss: 0.0060 | Val Loss: 0.2312 | Val Acc: 95.12%
[Epoch 7/10] Batch 0 Loss: 0.0023
[Epoch 7/10] Batch 20 Loss: 0.0014
[Epoch 7/10] Batch 40 Loss: 0.0024
[Epoch 7/10] Batch 60 Loss: 0.0040
[Epoch 7/10] Batch 80 Loss: 0.0015
[Epoch 7/10] Batch 100 Loss: 0.0022
[Epoch 7/10] Batch 120 Loss: 0.0020
[Epoch 7/10] Batch 140 Loss: 0.0041
[Epoch 7/10] Batch 160 Loss: 0.0118
[Epoch 7/10] Batch 180 Loss: 0.0022
Epoch 7/10 done in 8.2s
  Train Loss: 0.0057 | Val Loss: 0.2202 | Val Acc: 95.75%
Saved new best model: checkpoints/resnet18_best.pt
[Epoch 8/10] Batch 0 Loss: 0.0008
[Epoch 8/10] Batch 20 Loss: 0.0007
[Epoch 8/10] Batch 40 Loss: 0.0507
[Epoch 8/10] Batch 60 Loss: 0.0049
[Epoch 8/10] Batch 80 Loss: 0.0008
[Epoch 8/10] Batch 100 Loss: 0.0009
[Epoch 8/10] Batch 120 Loss: 0.0009
[Epoch 8/10] Batch 140 Loss: 0.0008
[Epoch 8/10] Batch 160 Loss: 0.0006
[Epoch 8/10] Batch 180 Loss: 0.0004
Epoch 8/10 done in 8.2s
  Train Loss: 0.0031 | Val Loss: 0.2509 | Val Acc: 95.25%
[Epoch 9/10] Batch 0 Loss: 0.0008
[Epoch 9/10] Batch 20 Loss: 0.0006
[Epoch 9/10] Batch 40 Loss: 0.0010
[Epoch 9/10] Batch 60 Loss: 0.0007
[Epoch 9/10] Batch 80 Loss: 0.0018
[Epoch 9/10] Batch 100 Loss: 0.0003
[Epoch 9/10] Batch 120 Loss: 0.0018
[Epoch 9/10] Batch 140 Loss: 0.0012
[Epoch 9/10] Batch 160 Loss: 0.0027
[Epoch 9/10] Batch 180 Loss: 0.0109
Epoch 9/10 done in 8.2s
  Train Loss: 0.0061 | Val Loss: 0.3507 | Val Acc: 93.00%
[Epoch 10/10] Batch 0 Loss: 0.0047
[Epoch 10/10] Batch 20 Loss: 0.0023
[Epoch 10/10] Batch 40 Loss: 0.1109
[Epoch 10/10] Batch 60 Loss: 0.3429
[Epoch 10/10] Batch 80 Loss: 0.1059
[Epoch 10/10] Batch 100 Loss: 0.2165
[Epoch 10/10] Batch 120 Loss: 0.1523
[Epoch 10/10] Batch 140 Loss: 0.0364
[Epoch 10/10] Batch 160 Loss: 0.1162
[Epoch 10/10] Batch 180 Loss: 0.0902
Epoch 10/10 done in 8.3s
  Train Loss: 0.0996 | Val Loss: 0.2503 | Val Acc: 94.38%
Training complete.

Running final test evaluation...
[TEST] Loss: 0.2434, Accuracy: 95.38%
Best validation accuracy was 95.75% (saved at checkpoints/resnet18_best.pt)

Job 2067074 consumed 0.5 billing hours from project ec12.

Submitted 2025-10-23T15:08:01; waited 22.0 seconds in the queue after becoming eligible to run.

Requested wallclock time: 4.0 hours
Elapsed wallclock time:   1.7 minutes

Job exited normally.

Task and CPU statistics:
ID             CPUs  Tasks  CPU util                Start  Elapsed  Exit status
2067074           4            0.0 %  2025-10-23T15:08:23  100.0 s  0
2067074.batch     4      1    77.2 %  2025-10-23T15:08:23  100.0 s  0

Used CPU time:   5.1 CPU minutes
Unused CPU time: 1.5 CPU minutes

Memory statistics, in GiB:
ID              Alloc   Usage
2067074          32.0        
2067074.batch    32.0     1.5

Job 2067074 completed at Thu Oct 23 15:10:03 CEST 2025
