Starting job 2184994 on gpu-11 on Fox at Thu Dec 11 06:48:16 CET 2025

Python path: /fp/homes01/u01/ec-aliaana/.conda/envs/SoccerNet311/bin/python
CUDA available? True | Device: NVIDIA GeForce RTX 3090
Training label map: {'Close-up_behind_the_goal': 0, 'Close-up_corner': 1, 'Close-up_player_or_field_referee': 2, 'Close-up_side_staff': 3, 'Main_camera_center': 4, 'Main_camera_left': 5, 'Main_camera_right': 6, 'Public': 7}
Training EFFICIENTNET on cuda for 20 epochs | 8 classes | 9535 samples
[Epoch 1/20] Batch 0 Loss: 2.1003
[Epoch 1/20] Batch 20 Loss: 1.8779
[Epoch 1/20] Batch 40 Loss: 1.5223
[Epoch 1/20] Batch 60 Loss: 1.0272
[Epoch 1/20] Batch 80 Loss: 0.8244
[Epoch 1/20] Batch 100 Loss: 0.5902
[Epoch 1/20] Batch 120 Loss: 0.3969
[Epoch 1/20] Batch 140 Loss: 0.4564
[Epoch 1/20] Batch 160 Loss: 0.4646
[Epoch 1/20] Batch 180 Loss: 0.4267
[Epoch 1/20] Batch 200 Loss: 0.2061
[Epoch 1/20] Batch 220 Loss: 0.2084
Epoch 1/20 done in 24.4s
  Train Loss: 0.7995 | Val Loss: 0.2760 | Val Acc: 92.44%
Saved new best model: checkpoints/efficientnet_best.pt
[Epoch 2/20] Batch 0 Loss: 0.5150
[Epoch 2/20] Batch 20 Loss: 0.2051
[Epoch 2/20] Batch 40 Loss: 0.0389
[Epoch 2/20] Batch 60 Loss: 0.0543
[Epoch 2/20] Batch 80 Loss: 0.2936
[Epoch 2/20] Batch 100 Loss: 0.2938
[Epoch 2/20] Batch 120 Loss: 0.0950
[Epoch 2/20] Batch 140 Loss: 0.2075
[Epoch 2/20] Batch 160 Loss: 0.2118
[Epoch 2/20] Batch 180 Loss: 0.4174
[Epoch 2/20] Batch 200 Loss: 0.1148
[Epoch 2/20] Batch 220 Loss: 0.1617
Epoch 2/20 done in 23.4s
  Train Loss: 0.2297 | Val Loss: 0.2125 | Val Acc: 92.86%
Saved new best model: checkpoints/efficientnet_best.pt
[Epoch 3/20] Batch 0 Loss: 0.1266
[Epoch 3/20] Batch 20 Loss: 0.1199
[Epoch 3/20] Batch 40 Loss: 0.3119
[Epoch 3/20] Batch 60 Loss: 0.0564
[Epoch 3/20] Batch 80 Loss: 0.0502
[Epoch 3/20] Batch 100 Loss: 0.0853
[Epoch 3/20] Batch 120 Loss: 0.0535
[Epoch 3/20] Batch 140 Loss: 0.1661
[Epoch 3/20] Batch 160 Loss: 0.0593
[Epoch 3/20] Batch 180 Loss: 0.0511
[Epoch 3/20] Batch 200 Loss: 0.0449
[Epoch 3/20] Batch 220 Loss: 0.1195
Epoch 3/20 done in 23.4s
  Train Loss: 0.1356 | Val Loss: 0.1968 | Val Acc: 93.91%
Saved new best model: checkpoints/efficientnet_best.pt
[Epoch 4/20] Batch 0 Loss: 0.0394
[Epoch 4/20] Batch 20 Loss: 0.2300
[Epoch 4/20] Batch 40 Loss: 0.0109
[Epoch 4/20] Batch 60 Loss: 0.1760
[Epoch 4/20] Batch 80 Loss: 0.1764
[Epoch 4/20] Batch 100 Loss: 0.0750
[Epoch 4/20] Batch 120 Loss: 0.0237
[Epoch 4/20] Batch 140 Loss: 0.0037
[Epoch 4/20] Batch 160 Loss: 0.0387
[Epoch 4/20] Batch 180 Loss: 0.1031
[Epoch 4/20] Batch 200 Loss: 0.0510
[Epoch 4/20] Batch 220 Loss: 0.0266
Epoch 4/20 done in 23.6s
  Train Loss: 0.0838 | Val Loss: 0.2190 | Val Acc: 93.91%
[Epoch 5/20] Batch 0 Loss: 0.0439
[Epoch 5/20] Batch 20 Loss: 0.0187
[Epoch 5/20] Batch 40 Loss: 0.1312
[Epoch 5/20] Batch 60 Loss: 0.0237
[Epoch 5/20] Batch 80 Loss: 0.0339
[Epoch 5/20] Batch 100 Loss: 0.0837
[Epoch 5/20] Batch 120 Loss: 0.0535
[Epoch 5/20] Batch 140 Loss: 0.0120
[Epoch 5/20] Batch 160 Loss: 0.0762
[Epoch 5/20] Batch 180 Loss: 0.1378
[Epoch 5/20] Batch 200 Loss: 0.0574
[Epoch 5/20] Batch 220 Loss: 0.0052
Epoch 5/20 done in 23.3s
  Train Loss: 0.0546 | Val Loss: 0.2073 | Val Acc: 94.02%
Saved new best model: checkpoints/efficientnet_best.pt
[Epoch 6/20] Batch 0 Loss: 0.0044
[Epoch 6/20] Batch 20 Loss: 0.0283
[Epoch 6/20] Batch 40 Loss: 0.0196
[Epoch 6/20] Batch 60 Loss: 0.0418
[Epoch 6/20] Batch 80 Loss: 0.0166
[Epoch 6/20] Batch 100 Loss: 0.0313
[Epoch 6/20] Batch 120 Loss: 0.0613
[Epoch 6/20] Batch 140 Loss: 0.0228
[Epoch 6/20] Batch 160 Loss: 0.0180
[Epoch 6/20] Batch 180 Loss: 0.0177
[Epoch 6/20] Batch 200 Loss: 0.0115
[Epoch 6/20] Batch 220 Loss: 0.0152
Epoch 6/20 done in 23.6s
  Train Loss: 0.0435 | Val Loss: 0.2162 | Val Acc: 94.65%
Saved new best model: checkpoints/efficientnet_best.pt
[Epoch 7/20] Batch 0 Loss: 0.0024
[Epoch 7/20] Batch 20 Loss: 0.0015
[Epoch 7/20] Batch 40 Loss: 0.0058
[Epoch 7/20] Batch 60 Loss: 0.0038
[Epoch 7/20] Batch 80 Loss: 0.0358
[Epoch 7/20] Batch 100 Loss: 0.0170
[Epoch 7/20] Batch 120 Loss: 0.1348
[Epoch 7/20] Batch 140 Loss: 0.0040
[Epoch 7/20] Batch 160 Loss: 0.0114
[Epoch 7/20] Batch 180 Loss: 0.0047
[Epoch 7/20] Batch 200 Loss: 0.0182
[Epoch 7/20] Batch 220 Loss: 0.0147
Epoch 7/20 done in 23.7s
  Train Loss: 0.0267 | Val Loss: 0.2369 | Val Acc: 94.23%
[Epoch 8/20] Batch 0 Loss: 0.0064
[Epoch 8/20] Batch 20 Loss: 0.0032
[Epoch 8/20] Batch 40 Loss: 0.0108
[Epoch 8/20] Batch 60 Loss: 0.0037
[Epoch 8/20] Batch 80 Loss: 0.0100
[Epoch 8/20] Batch 100 Loss: 0.0033
[Epoch 8/20] Batch 120 Loss: 0.0311
[Epoch 8/20] Batch 140 Loss: 0.0020
[Epoch 8/20] Batch 160 Loss: 0.0091
[Epoch 8/20] Batch 180 Loss: 0.0147
[Epoch 8/20] Batch 200 Loss: 0.0149
[Epoch 8/20] Batch 220 Loss: 0.0690
Epoch 8/20 done in 23.5s
  Train Loss: 0.0177 | Val Loss: 0.2536 | Val Acc: 93.28%
[Epoch 9/20] Batch 0 Loss: 0.0075
[Epoch 9/20] Batch 20 Loss: 0.3686
[Epoch 9/20] Batch 40 Loss: 0.0033
[Epoch 9/20] Batch 60 Loss: 0.0018
[Epoch 9/20] Batch 80 Loss: 0.0022
[Epoch 9/20] Batch 100 Loss: 0.0122
[Epoch 9/20] Batch 120 Loss: 0.2047
[Epoch 9/20] Batch 140 Loss: 0.0036
[Epoch 9/20] Batch 160 Loss: 0.0371
[Epoch 9/20] Batch 180 Loss: 0.1311
[Epoch 9/20] Batch 200 Loss: 0.0085
[Epoch 9/20] Batch 220 Loss: 0.0058
Epoch 9/20 done in 23.8s
  Train Loss: 0.0198 | Val Loss: 0.2681 | Val Acc: 93.70%
[Epoch 10/20] Batch 0 Loss: 0.0065
[Epoch 10/20] Batch 20 Loss: 0.0128
[Epoch 10/20] Batch 40 Loss: 0.0120
[Epoch 10/20] Batch 60 Loss: 0.0357
[Epoch 10/20] Batch 80 Loss: 0.0037
[Epoch 10/20] Batch 100 Loss: 0.0081
[Epoch 10/20] Batch 120 Loss: 0.0021
[Epoch 10/20] Batch 140 Loss: 0.1118
[Epoch 10/20] Batch 160 Loss: 0.0072
[Epoch 10/20] Batch 180 Loss: 0.0066
[Epoch 10/20] Batch 200 Loss: 0.0072
[Epoch 10/20] Batch 220 Loss: 0.0022
Epoch 10/20 done in 23.5s
  Train Loss: 0.0204 | Val Loss: 0.2695 | Val Acc: 93.81%
[Epoch 11/20] Batch 0 Loss: 0.0056
[Epoch 11/20] Batch 20 Loss: 0.0015
[Epoch 11/20] Batch 40 Loss: 0.0310
[Epoch 11/20] Batch 60 Loss: 0.0361
[Epoch 11/20] Batch 80 Loss: 0.0052
[Epoch 11/20] Batch 100 Loss: 0.0030
[Epoch 11/20] Batch 120 Loss: 0.0411
[Epoch 11/20] Batch 140 Loss: 0.0137
[Epoch 11/20] Batch 160 Loss: 0.0016
[Epoch 11/20] Batch 180 Loss: 0.0013
[Epoch 11/20] Batch 200 Loss: 0.0010
[Epoch 11/20] Batch 220 Loss: 0.3291
Epoch 11/20 done in 23.5s
  Train Loss: 0.0163 | Val Loss: 0.2433 | Val Acc: 93.70%
[Epoch 12/20] Batch 0 Loss: 0.0024
[Epoch 12/20] Batch 20 Loss: 0.0055
[Epoch 12/20] Batch 40 Loss: 0.0084
[Epoch 12/20] Batch 60 Loss: 0.0029
[Epoch 12/20] Batch 80 Loss: 0.0078
[Epoch 12/20] Batch 100 Loss: 0.0022
[Epoch 12/20] Batch 120 Loss: 0.0136
[Epoch 12/20] Batch 140 Loss: 0.0017
[Epoch 12/20] Batch 160 Loss: 0.0188
[Epoch 12/20] Batch 180 Loss: 0.0022
[Epoch 12/20] Batch 200 Loss: 0.0098
[Epoch 12/20] Batch 220 Loss: 0.0044
Epoch 12/20 done in 23.4s
  Train Loss: 0.0111 | Val Loss: 0.2680 | Val Acc: 93.70%
[Epoch 13/20] Batch 0 Loss: 0.0026
[Epoch 13/20] Batch 20 Loss: 0.0112
[Epoch 13/20] Batch 40 Loss: 0.0010
[Epoch 13/20] Batch 60 Loss: 0.0084
[Epoch 13/20] Batch 80 Loss: 0.0017
[Epoch 13/20] Batch 100 Loss: 0.0011
[Epoch 13/20] Batch 120 Loss: 0.0013
[Epoch 13/20] Batch 140 Loss: 0.0069
[Epoch 13/20] Batch 160 Loss: 0.0003
[Epoch 13/20] Batch 180 Loss: 0.0038
[Epoch 13/20] Batch 200 Loss: 0.0044
[Epoch 13/20] Batch 220 Loss: 0.0054
Epoch 13/20 done in 23.5s
  Train Loss: 0.0082 | Val Loss: 0.3195 | Val Acc: 93.91%
[Epoch 14/20] Batch 0 Loss: 0.0006
[Epoch 14/20] Batch 20 Loss: 0.0004
[Epoch 14/20] Batch 40 Loss: 0.0030
[Epoch 14/20] Batch 60 Loss: 0.0050
[Epoch 14/20] Batch 80 Loss: 0.0033
[Epoch 14/20] Batch 100 Loss: 0.0030
[Epoch 14/20] Batch 120 Loss: 0.0059
[Epoch 14/20] Batch 140 Loss: 0.0102
[Epoch 14/20] Batch 160 Loss: 0.0013
[Epoch 14/20] Batch 180 Loss: 0.0278
[Epoch 14/20] Batch 200 Loss: 0.1204
[Epoch 14/20] Batch 220 Loss: 0.0102
Epoch 14/20 done in 23.5s
  Train Loss: 0.0107 | Val Loss: 0.2911 | Val Acc: 94.02%
[Epoch 15/20] Batch 0 Loss: 0.0398
[Epoch 15/20] Batch 20 Loss: 0.0029
[Epoch 15/20] Batch 40 Loss: 0.0031
[Epoch 15/20] Batch 60 Loss: 0.0088
[Epoch 15/20] Batch 80 Loss: 0.0023
[Epoch 15/20] Batch 100 Loss: 0.0007
[Epoch 15/20] Batch 120 Loss: 0.0022
[Epoch 15/20] Batch 140 Loss: 0.0006
[Epoch 15/20] Batch 160 Loss: 0.0364
[Epoch 15/20] Batch 180 Loss: 0.0071
[Epoch 15/20] Batch 200 Loss: 0.0025
[Epoch 15/20] Batch 220 Loss: 0.0240
Epoch 15/20 done in 23.3s
  Train Loss: 0.0143 | Val Loss: 0.3110 | Val Acc: 93.70%
[Epoch 16/20] Batch 0 Loss: 0.0047
[Epoch 16/20] Batch 20 Loss: 0.0123
[Epoch 16/20] Batch 40 Loss: 0.0027
[Epoch 16/20] Batch 60 Loss: 0.0011
[Epoch 16/20] Batch 80 Loss: 0.0037
[Epoch 16/20] Batch 100 Loss: 0.0023
[Epoch 16/20] Batch 120 Loss: 0.0045
[Epoch 16/20] Batch 140 Loss: 0.0366
[Epoch 16/20] Batch 160 Loss: 0.0065
[Epoch 16/20] Batch 180 Loss: 0.0016
[Epoch 16/20] Batch 200 Loss: 0.0193
[Epoch 16/20] Batch 220 Loss: 0.0010
Epoch 16/20 done in 24.0s
  Train Loss: 0.0119 | Val Loss: 0.2909 | Val Acc: 93.39%
[Epoch 17/20] Batch 0 Loss: 0.0022
[Epoch 17/20] Batch 20 Loss: 0.0044
[Epoch 17/20] Batch 40 Loss: 0.0003
[Epoch 17/20] Batch 60 Loss: 0.0005
[Epoch 17/20] Batch 80 Loss: 0.0111
[Epoch 17/20] Batch 100 Loss: 0.0431
[Epoch 17/20] Batch 120 Loss: 0.0011
[Epoch 17/20] Batch 140 Loss: 0.0003
[Epoch 17/20] Batch 160 Loss: 0.0021
[Epoch 17/20] Batch 180 Loss: 0.0051
[Epoch 17/20] Batch 200 Loss: 0.0003
[Epoch 17/20] Batch 220 Loss: 0.0405
Epoch 17/20 done in 23.9s
  Train Loss: 0.0123 | Val Loss: 0.3022 | Val Acc: 94.02%
[Epoch 18/20] Batch 0 Loss: 0.0004
[Epoch 18/20] Batch 20 Loss: 0.0058
[Epoch 18/20] Batch 40 Loss: 0.0025
[Epoch 18/20] Batch 60 Loss: 0.0058
[Epoch 18/20] Batch 80 Loss: 0.0132
[Epoch 18/20] Batch 100 Loss: 0.0018
[Epoch 18/20] Batch 120 Loss: 0.0005
[Epoch 18/20] Batch 140 Loss: 0.0188
[Epoch 18/20] Batch 160 Loss: 0.0015
[Epoch 18/20] Batch 180 Loss: 0.0065
[Epoch 18/20] Batch 200 Loss: 0.0019
[Epoch 18/20] Batch 220 Loss: 0.0029
Epoch 18/20 done in 23.6s
  Train Loss: 0.0078 | Val Loss: 0.3253 | Val Acc: 93.60%
[Epoch 19/20] Batch 0 Loss: 0.0016
[Epoch 19/20] Batch 20 Loss: 0.0007
[Epoch 19/20] Batch 40 Loss: 0.0093
[Epoch 19/20] Batch 60 Loss: 0.0114
[Epoch 19/20] Batch 80 Loss: 0.0010
[Epoch 19/20] Batch 100 Loss: 0.0016
[Epoch 19/20] Batch 120 Loss: 0.0023
[Epoch 19/20] Batch 140 Loss: 0.0085
[Epoch 19/20] Batch 160 Loss: 0.0154
[Epoch 19/20] Batch 180 Loss: 0.0005
[Epoch 19/20] Batch 200 Loss: 0.0005
[Epoch 19/20] Batch 220 Loss: 0.0096
Epoch 19/20 done in 23.4s
  Train Loss: 0.0122 | Val Loss: 0.3073 | Val Acc: 94.44%
[Epoch 20/20] Batch 0 Loss: 0.0012
[Epoch 20/20] Batch 20 Loss: 0.0007
[Epoch 20/20] Batch 40 Loss: 0.0015
[Epoch 20/20] Batch 60 Loss: 0.0003
[Epoch 20/20] Batch 80 Loss: 0.0001
[Epoch 20/20] Batch 100 Loss: 0.0025
[Epoch 20/20] Batch 120 Loss: 0.0006
[Epoch 20/20] Batch 140 Loss: 0.0069
[Epoch 20/20] Batch 160 Loss: 0.0002
[Epoch 20/20] Batch 180 Loss: 0.0004
[Epoch 20/20] Batch 200 Loss: 0.0009
[Epoch 20/20] Batch 220 Loss: 0.0006
Epoch 20/20 done in 23.3s
  Train Loss: 0.0102 | Val Loss: 0.3205 | Val Acc: 94.23%
Training complete.

Running final test evaluation...
[TEST] Loss: 0.1858, Accuracy: 94.86%
Best validation accuracy was 94.65% (saved at checkpoints/efficientnet_best.pt)

Job 2184994 consumed 2.6 billing hours from project ec12.

Submitted 2025-12-11T02:31:01; waited 4.3 hours in the queue after becoming eligible to run.

Requested wallclock time: 4.0 hours
Elapsed wallclock time:   8.2 minutes

Job exited normally.

Task and CPU statistics:
ID             CPUs  Tasks  CPU util                Start  Elapsed  Exit status
2184994           4            0.0 %  2025-12-11T06:48:16  489.0 s  0
2184994.batch     4      1    54.4 %  2025-12-11T06:48:16  489.0 s  0

Used CPU time:   17.7 CPU minutes
Unused CPU time: 14.9 CPU minutes

Memory statistics, in GiB:
ID              Alloc   Usage
2184994          32.0        
2184994.batch    32.0     1.5

Job 2184994 completed at Thu Dec 11 06:56:26 CET 2025
