Starting job 2048327 on gpu-11 on Fox at Thu Oct 16 12:47:21 CEST 2025

Python path: /fp/homes01/u01/ec-aliaana/.conda/envs/SoccerNet311/bin/python
CUDA available?
True NVIDIA GeForce RTX 3090
Training RESNET50 on cuda for 10 epochs | 12 classes | 11471 samples
[Epoch 1/10] Batch 0 Loss: 2.5992
[Epoch 1/10] Batch 20 Loss: 0.9244
[Epoch 1/10] Batch 40 Loss: 0.6938
[Epoch 1/10] Batch 60 Loss: 0.4740
[Epoch 1/10] Batch 80 Loss: 0.6975
[Epoch 1/10] Batch 100 Loss: 0.5335
[Epoch 1/10] Batch 120 Loss: 0.6118
[Epoch 1/10] Batch 140 Loss: 0.5967
[Epoch 1/10] Batch 160 Loss: 0.4114
[Epoch 1/10] Batch 180 Loss: 0.1797
[Epoch 1/10] Batch 200 Loss: 0.2536
[Epoch 1/10] Batch 220 Loss: 0.4768
[Epoch 1/10] Batch 240 Loss: 0.2185
[Epoch 1/10] Batch 260 Loss: 0.5757
[Epoch 1/10] Batch 280 Loss: 0.3190
Epoch 1/10 done in 26.6s
  Train Loss: 0.5902 | Val Loss: 0.2730 | Val Acc: 93.29%
Saved new best model: checkpoints/resnet50_best.pt
[Epoch 2/10] Batch 0 Loss: 0.2846
[Epoch 2/10] Batch 20 Loss: 0.1977
[Epoch 2/10] Batch 40 Loss: 0.2476
[Epoch 2/10] Batch 60 Loss: 0.0750
[Epoch 2/10] Batch 80 Loss: 0.2664
[Epoch 2/10] Batch 100 Loss: 0.0841
[Epoch 2/10] Batch 120 Loss: 0.0184
[Epoch 2/10] Batch 140 Loss: 0.1020
[Epoch 2/10] Batch 160 Loss: 0.1000
[Epoch 2/10] Batch 180 Loss: 0.4456
[Epoch 2/10] Batch 200 Loss: 0.1501
[Epoch 2/10] Batch 220 Loss: 0.2336
[Epoch 2/10] Batch 240 Loss: 0.1175
[Epoch 2/10] Batch 260 Loss: 0.3658
[Epoch 2/10] Batch 280 Loss: 0.0735
Epoch 2/10 done in 24.5s
  Train Loss: 0.1858 | Val Loss: 0.2334 | Val Acc: 92.94%
[Epoch 3/10] Batch 0 Loss: 0.0963
[Epoch 3/10] Batch 20 Loss: 0.0848
[Epoch 3/10] Batch 40 Loss: 0.1165
[Epoch 3/10] Batch 60 Loss: 0.0542
[Epoch 3/10] Batch 80 Loss: 0.1347
[Epoch 3/10] Batch 100 Loss: 0.2538
[Epoch 3/10] Batch 120 Loss: 0.4483
[Epoch 3/10] Batch 140 Loss: 0.0367
[Epoch 3/10] Batch 160 Loss: 0.0329
[Epoch 3/10] Batch 180 Loss: 0.1452
[Epoch 3/10] Batch 200 Loss: 0.0717
[Epoch 3/10] Batch 220 Loss: 0.1337
[Epoch 3/10] Batch 240 Loss: 0.0528
[Epoch 3/10] Batch 260 Loss: 0.1117
[Epoch 3/10] Batch 280 Loss: 0.2313
Epoch 3/10 done in 24.7s
  Train Loss: 0.1029 | Val Loss: 0.1975 | Val Acc: 95.03%
Saved new best model: checkpoints/resnet50_best.pt
[Epoch 4/10] Batch 0 Loss: 0.0287
[Epoch 4/10] Batch 20 Loss: 0.0427
[Epoch 4/10] Batch 40 Loss: 0.0144
[Epoch 4/10] Batch 60 Loss: 0.0211
[Epoch 4/10] Batch 80 Loss: 0.0155
[Epoch 4/10] Batch 100 Loss: 0.0100
[Epoch 4/10] Batch 120 Loss: 0.0386
[Epoch 4/10] Batch 140 Loss: 0.0236
[Epoch 4/10] Batch 160 Loss: 0.0161
[Epoch 4/10] Batch 180 Loss: 0.0073
[Epoch 4/10] Batch 200 Loss: 0.0179
[Epoch 4/10] Batch 220 Loss: 0.0046
[Epoch 4/10] Batch 240 Loss: 0.0819
[Epoch 4/10] Batch 260 Loss: 0.0498
[Epoch 4/10] Batch 280 Loss: 0.0516
Epoch 4/10 done in 24.7s
  Train Loss: 0.0593 | Val Loss: 0.2168 | Val Acc: 95.03%
[Epoch 5/10] Batch 0 Loss: 0.0264
[Epoch 5/10] Batch 20 Loss: 0.0046
[Epoch 5/10] Batch 40 Loss: 0.0123
[Epoch 5/10] Batch 60 Loss: 0.0097
[Epoch 5/10] Batch 80 Loss: 0.1032
[Epoch 5/10] Batch 100 Loss: 0.0373
[Epoch 5/10] Batch 120 Loss: 0.0447
[Epoch 5/10] Batch 140 Loss: 0.0040
[Epoch 5/10] Batch 160 Loss: 0.0061
[Epoch 5/10] Batch 180 Loss: 0.0092
[Epoch 5/10] Batch 200 Loss: 0.0122
[Epoch 5/10] Batch 220 Loss: 0.0158
[Epoch 5/10] Batch 240 Loss: 0.0173
[Epoch 5/10] Batch 260 Loss: 0.1667
[Epoch 5/10] Batch 280 Loss: 0.0182
Epoch 5/10 done in 24.6s
  Train Loss: 0.0396 | Val Loss: 0.3449 | Val Acc: 93.55%
[Epoch 6/10] Batch 0 Loss: 0.0364
[Epoch 6/10] Batch 20 Loss: 0.0147
[Epoch 6/10] Batch 40 Loss: 0.0492
[Epoch 6/10] Batch 60 Loss: 0.0643
[Epoch 6/10] Batch 80 Loss: 0.0065
[Epoch 6/10] Batch 100 Loss: 0.0507
[Epoch 6/10] Batch 120 Loss: 0.1059
[Epoch 6/10] Batch 140 Loss: 0.0200
[Epoch 6/10] Batch 160 Loss: 0.0072
[Epoch 6/10] Batch 180 Loss: 0.0360
[Epoch 6/10] Batch 200 Loss: 0.0681
[Epoch 6/10] Batch 220 Loss: 0.0232
[Epoch 6/10] Batch 240 Loss: 0.0955
[Epoch 6/10] Batch 260 Loss: 0.0456
[Epoch 6/10] Batch 280 Loss: 0.0323
Epoch 6/10 done in 24.6s
  Train Loss: 0.0604 | Val Loss: 0.3262 | Val Acc: 92.76%
[Epoch 7/10] Batch 0 Loss: 0.0115
[Epoch 7/10] Batch 20 Loss: 0.0169
[Epoch 7/10] Batch 40 Loss: 0.0222
[Epoch 7/10] Batch 60 Loss: 0.0076
[Epoch 7/10] Batch 80 Loss: 0.0376
[Epoch 7/10] Batch 100 Loss: 0.0483
[Epoch 7/10] Batch 120 Loss: 0.0296
[Epoch 7/10] Batch 140 Loss: 0.0409
[Epoch 7/10] Batch 160 Loss: 0.0114
[Epoch 7/10] Batch 180 Loss: 0.0150
[Epoch 7/10] Batch 200 Loss: 0.0542
[Epoch 7/10] Batch 220 Loss: 0.1328
[Epoch 7/10] Batch 240 Loss: 0.0047
[Epoch 7/10] Batch 260 Loss: 0.0350
[Epoch 7/10] Batch 280 Loss: 0.0162
Epoch 7/10 done in 24.6s
  Train Loss: 0.0691 | Val Loss: 0.2773 | Val Acc: 93.46%
[Epoch 8/10] Batch 0 Loss: 0.0170
[Epoch 8/10] Batch 20 Loss: 0.0483
[Epoch 8/10] Batch 40 Loss: 0.0043
[Epoch 8/10] Batch 60 Loss: 0.0589
[Epoch 8/10] Batch 80 Loss: 0.2911
[Epoch 8/10] Batch 100 Loss: 0.0041
[Epoch 8/10] Batch 120 Loss: 0.0227
[Epoch 8/10] Batch 140 Loss: 0.0087
[Epoch 8/10] Batch 160 Loss: 0.0071
[Epoch 8/10] Batch 180 Loss: 0.0026
[Epoch 8/10] Batch 200 Loss: 0.0205
[Epoch 8/10] Batch 220 Loss: 0.1035
[Epoch 8/10] Batch 240 Loss: 0.0251
[Epoch 8/10] Batch 260 Loss: 0.0630
[Epoch 8/10] Batch 280 Loss: 0.0275
Epoch 8/10 done in 24.7s
  Train Loss: 0.0408 | Val Loss: 0.2636 | Val Acc: 94.51%
[Epoch 9/10] Batch 0 Loss: 0.0060
[Epoch 9/10] Batch 20 Loss: 0.0123
[Epoch 9/10] Batch 40 Loss: 0.0121
[Epoch 9/10] Batch 60 Loss: 0.0503
[Epoch 9/10] Batch 80 Loss: 0.0126
[Epoch 9/10] Batch 100 Loss: 0.0024
[Epoch 9/10] Batch 120 Loss: 0.0296
[Epoch 9/10] Batch 140 Loss: 0.0028
[Epoch 9/10] Batch 160 Loss: 0.0187
[Epoch 9/10] Batch 180 Loss: 0.0171
[Epoch 9/10] Batch 200 Loss: 0.0023
[Epoch 9/10] Batch 220 Loss: 0.0013
[Epoch 9/10] Batch 240 Loss: 0.0055
[Epoch 9/10] Batch 260 Loss: 0.0231
[Epoch 9/10] Batch 280 Loss: 0.0233
Epoch 9/10 done in 24.7s
  Train Loss: 0.0217 | Val Loss: 0.2621 | Val Acc: 94.68%
[Epoch 10/10] Batch 0 Loss: 0.1283
[Epoch 10/10] Batch 20 Loss: 0.0030
[Epoch 10/10] Batch 40 Loss: 0.0018
[Epoch 10/10] Batch 60 Loss: 0.0087
[Epoch 10/10] Batch 80 Loss: 0.0029
[Epoch 10/10] Batch 100 Loss: 0.0057
[Epoch 10/10] Batch 120 Loss: 0.0114
[Epoch 10/10] Batch 140 Loss: 0.0178
[Epoch 10/10] Batch 160 Loss: 0.0091
[Epoch 10/10] Batch 180 Loss: 0.0954
[Epoch 10/10] Batch 200 Loss: 0.0096
[Epoch 10/10] Batch 220 Loss: 0.0076
[Epoch 10/10] Batch 240 Loss: 0.0098
[Epoch 10/10] Batch 260 Loss: 0.0022
[Epoch 10/10] Batch 280 Loss: 0.0018
Epoch 10/10 done in 24.8s
  Train Loss: 0.0170 | Val Loss: 0.2357 | Val Acc: 95.12%
Saved new best model: checkpoints/resnet50_best.pt
Training complete.

Running final test evaluation...
[TEST] Loss: 0.2898, Accuracy: 94.43%
Best validation accuracy was 95.12% (saved at checkpoints/resnet50_best.pt)

Job 2048327 consumed 1.5 billing hours from project ec12.

Submitted 2025-10-16T12:47:04; waited 16.0 seconds in the queue after becoming eligible to run.

Requested wallclock time: 4.0 hours
Elapsed wallclock time:   4.7 minutes

Job exited normally.

Task and CPU statistics:
ID             CPUs  Tasks  CPU util                Start  Elapsed  Exit status
2048327           4            0.0 %  2025-10-16T12:47:20  282.0 s  0
2048327.batch     4      1    46.9 %  2025-10-16T12:47:20  282.0 s  0

Used CPU time:   8.8 CPU minutes
Unused CPU time: 10.0 CPU minutes

Memory statistics, in GiB:
ID              Alloc   Usage
2048327          32.0        
2048327.batch    32.0     1.5

Job 2048327 completed at Thu Oct 16 12:52:02 CEST 2025
